2026-06-30 14:45:48 | INFO    | ============================================================
2026-06-30 14:45:48 | INFO    |    LIVE TRADING BOT — BINANCE TESTNET
2026-06-30 14:45:48 | INFO    | ============================================================
2026-06-30 14:45:50 | INFO    | Loaded ML model from models/quant_rf_model.pkl
2026-06-30 14:45:50 | INFO    | Connected to Binance Testnet.
2026-06-30 14:45:55 | INFO    | Account balance — USDT: 10,000.00  |  BTC: 1.000000
2026-06-30 14:45:55 | INFO    | Strategy: Confidence >= 65%  |  Trailing Stop: 1.5%  |  Hard SL: 1.0%
2026-06-30 14:45:55 | INFO    | Entering main loop...

2026-06-30 14:45:55 | DEBUG   | Fetching 250 x 1m candles for BTC/USDT...
2026-06-30 14:45:55 | DEBUG   | Feature DataFrame ready: 51 rows.
2026-06-30 14:45:55 | DEBUG   | Price: $58,788.99  |  Confidence: 0.0827  |  In Position: False
2026-06-30 14:46:55 | DEBUG   | Fetching 250 x 1m candles for BTC/USDT...
2026-06-30 14:46:56 | DEBUG   | Feature DataFrame ready: 51 rows.
2026-06-30 14:46:56 | DEBUG   | Price: $58,715.40  |  Confidence: 0.0813  |  In Position: False
2026-06-30 14:52:18 | INFO    | ============================================================
2026-06-30 14:52:18 | INFO    |    LIVE TRADING BOT — BINANCE TESTNET
2026-06-30 14:52:18 | INFO    | ============================================================
2026-06-30 14:52:20 | INFO    | Loaded ML model from models/quant_rf_model.pkl
2026-06-30 14:52:20 | INFO    | Connected to Binance Testnet.
2026-06-30 14:52:24 | INFO    | Account balance — USDT: 10,000.00  |  BTC: 1.000000
2026-06-30 14:52:24 | INFO    | Strategy: Confidence >= 65%  |  Trailing Stop: 1.5%  |  Hard SL: 1.0%
2026-06-30 14:52:24 | INFO    | Entering main loop...

2026-06-30 14:52:24 | DEBUG   | Fetching 250 x 1m candles for BTC/USDT...
2026-06-30 14:52:25 | DEBUG   | Feature DataFrame ready: 51 rows.
2026-06-30 14:52:25 | DEBUG   | Price: $58,606.01  |  Confidence: 0.1063  |  In Position: False
2026-06-30 14:53:25 | DEBUG   | Fetching 250 x 1m candles for BTC/USDT...
2026-06-30 14:53:25 | DEBUG   | Feature DataFrame ready: 51 rows.
2026-06-30 14:53:25 | DEBUG   | Price: $58,622.61  |  Confidence: 0.1066  |  In Position: False
2026-06-30 14:56:33 | INFO    | ============================================================
2026-06-30 14:56:33 | INFO    |    LIVE TRADING BOT — BINANCE TESTNET
2026-06-30 14:56:33 | INFO    | ============================================================
2026-06-30 14:56:36 | INFO    | Loaded ML model from models/quant_rf_model.pkl
2026-06-30 14:56:36 | INFO    | Connected to Binance Testnet.
2026-06-30 14:56:40 | INFO    | Account balance — USDT: 10,000.00  |  BTC: 1.000000
2026-06-30 14:56:40 | INFO    | Strategy: Confidence >= 65%  |  Trailing Stop: 1.5%  |  Hard SL: 1.0%
2026-06-30 14:56:40 | INFO    | Entering main loop...

2026-06-30 14:56:40 | DEBUG   | Fetching 250 x 1m candles for BTC/USDT...
2026-06-30 14:56:41 | DEBUG   | Feature DataFrame ready: 51 rows.
2026-06-30 14:56:41 | DEBUG   | Price: $58,512.50  |  Confidence: 0.0967  |  In Position: False
2026-06-30 14:57:41 | DEBUG   | Fetching 250 x 1m candles for BTC/USDT...
2026-06-30 14:57:51 | ERROR   | Network error: binance GET https://testnet.binance.vision/api/v3/klines?interval=1m&limit=250&symbol=BTCUSDT. Retrying in 60s...
2026-06-30 14:58:51 | DEBUG   | Fetching 250 x 1m candles for BTC/USDT...
2026-06-30 14:58:52 | DEBUG   | Feature DataFrame ready: 51 rows.
2026-06-30 14:58:52 | DEBUG   | Price: $58,528.00  |  Confidence: 0.0951  |  In Position: False
2026-06-30 14:59:52 | DEBUG   | Fetching 250 x 1m candles for BTC/USDT...
2026-06-30 14:59:53 | DEBUG   | Feature DataFrame ready: 51 rows.
2026-06-30 14:59:53 | DEBUG   | Price: $58,510.66  |  Confidence: 0.0951  |  In Position: False
2026-06-30 15:00:53 | DEBUG   | Fetching 250 x 1m candles for BTC/USDT...
2026-06-30 15:00:54 | DEBUG   | Feature DataFrame ready: 51 rows.
2026-06-30 15:00:54 | DEBUG   | Price: $58,523.99  |  Confidence: 0.1261  |  In Position: False
2026-06-30 15:01:54 | DEBUG   | Fetching 250 x 1m candles for BTC/USDT...
2026-06-30 15:02:04 | ERROR   | Network error: binance GET https://testnet.binance.vision/api/v3/klines?interval=1m&limit=250&symbol=BTCUSDT. Retrying in 60s...
2026-06-30 15:03:04 | DEBUG   | Fetching 250 x 1m candles for BTC/USDT...
2026-06-30 15:03:04 | DEBUG   | Feature DataFrame ready: 51 rows.
2026-06-30 15:03:05 | DEBUG   | Price: $58,577.94  |  Confidence: 0.1018  |  In Position: False
2026-06-30 15:04:05 | DEBUG   | Fetching 250 x 1m candles for BTC/USDT...
2026-06-30 15:04:05 | DEBUG   | Feature DataFrame ready: 51 rows.
2026-06-30 15:04:05 | DEBUG   | Price: $58,413.06  |  Confidence: 0.1039  |  In Position: False
2026-06-30 15:05:05 | DEBUG   | Fetching 250 x 1m candles for BTC/USDT...
2026-06-30 15:05:15 | ERROR   | Network error: binance GET https://testnet.binance.vision/api/v3/klines?interval=1m&limit=250&symbol=BTCUSDT. Retrying in 60s...
2026-06-30 15:06:15 | DEBUG   | Fetching 250 x 1m candles for BTC/USDT...
2026-06-30 15:06:17 | DEBUG   | Feature DataFrame ready: 51 rows.
2026-06-30 15:06:17 | DEBUG   | Price: $58,246.36  |  Confidence: 0.1020  |  In Position: False
2026-06-30 15:07:17 | DEBUG   | Fetching 250 x 1m candles for BTC/USDT...
2026-06-30 15:07:17 | ERROR   | Network error: binance GET https://testnet.binance.vision/api/v3/klines?interval=1m&limit=250&symbol=BTCUSDT. Retrying in 60s...
2026-06-30 15:08:17 | DEBUG   | Fetching 250 x 1m candles for BTC/USDT...
2026-06-30 15:08:23 | DEBUG   | Feature DataFrame ready: 51 rows.
2026-06-30 15:08:23 | DEBUG   | Price: $57,456.32  |  Confidence: 0.2422  |  In Position: False
2026-06-30 15:09:23 | DEBUG   | Fetching 250 x 1m candles for BTC/USDT...
2026-06-30 15:09:24 | DEBUG   | Feature DataFrame ready: 51 rows.
2026-06-30 15:09:24 | DEBUG   | Price: $58,328.53  |  Confidence: 0.2468  |  In Position: False
2026-06-30 15:10:24 | DEBUG   | Fetching 250 x 1m candles for BTC/USDT...
2026-06-30 15:10:25 | DEBUG   | Feature DataFrame ready: 51 rows.
2026-06-30 15:10:25 | DEBUG   | Price: $58,344.00  |  Confidence: 0.2374  |  In Position: False
2026-06-30 15:11:25 | DEBUG   | Fetching 250 x 1m candles for BTC/USDT...
2026-06-30 15:11:25 | DEBUG   | Feature DataFrame ready: 51 rows.
2026-06-30 15:11:25 | DEBUG   | Price: $58,377.67  |  Confidence: 0.2404  |  In Position: False
2026-06-30 15:11:59 | INFO    | ============================================================
2026-06-30 15:11:59 | INFO    |    LIVE TRADING BOT — BINANCE TESTNET
2026-06-30 15:11:59 | INFO    | ============================================================
2026-06-30 15:12:01 | INFO    | Loaded ML model from models/quant_rf_model.pkl
2026-06-30 15:12:01 | INFO    | Connected to Binance Testnet.
2026-06-30 15:12:04 | INFO    | Account balance — USDT: 10,000.00  |  BTC: 1.000000
2026-06-30 15:12:04 | INFO    | Strategy: Confidence >= 65%  |  Trailing Stop: 1.5%  |  Hard SL: 1.0%
2026-06-30 15:12:04 | INFO    | Entering main loop...

2026-06-30 15:12:04 | DEBUG   | Fetching 250 x 1m candles for BTC/USDT...
2026-06-30 15:12:05 | DEBUG   | Feature DataFrame ready: 51 rows.
2026-06-30 15:12:05 | DEBUG   | Price: $58,356.00  |  Confidence: 0.2374  |  In Position: False
2026-06-30 15:12:25 | DEBUG   | Fetching 250 x 1m candles for BTC/USDT...
2026-06-30 15:12:26 | DEBUG   | Feature DataFrame ready: 51 rows.
2026-06-30 15:12:26 | DEBUG   | Price: $58,366.04  |  Confidence: 0.2374  |  In Position: False
2026-06-30 15:13:05 | DEBUG   | Fetching 250 x 1m candles for BTC/USDT...
2026-06-30 15:13:06 | DEBUG   | Feature DataFrame ready: 51 rows.
2026-06-30 15:13:06 | DEBUG   | Price: $58,396.81  |  Confidence: 0.2438  |  In Position: False
2026-06-30 15:13:26 | DEBUG   | Fetching 250 x 1m candles for BTC/USDT...
2026-06-30 15:13:27 | DEBUG   | Feature DataFrame ready: 51 rows.
2026-06-30 15:13:27 | DEBUG   | Price: $58,475.99  |  Confidence: 0.2489  |  In Position: False
2026-06-30 15:14:06 | DEBUG   | Fetching 250 x 1m candles for BTC/USDT...
2026-06-30 15:14:06 | DEBUG   | Feature DataFrame ready: 51 rows.
2026-06-30 15:14:06 | DEBUG   | Price: $58,465.17  |  Confidence: 0.2420  |  In Position: False
2026-06-30 15:14:27 | DEBUG   | Fetching 250 x 1m candles for BTC/USDT...
2026-06-30 15:14:28 | DEBUG   | Feature DataFrame ready: 51 rows.
2026-06-30 15:14:28 | DEBUG   | Price: $58,464.75  |  Confidence: 0.2485  |  In Position: False
2026-06-30 15:15:06 | DEBUG   | Fetching 250 x 1m candles for BTC/USDT...
2026-06-30 15:15:06 | DEBUG   | Feature DataFrame ready: 51 rows.
2026-06-30 15:15:07 | DEBUG   | Price: $58,430.01  |  Confidence: 0.2213  |  In Position: False
2026-06-30 15:15:28 | DEBUG   | Fetching 250 x 1m candles for BTC/USDT...
2026-06-30 15:15:29 | DEBUG   | Feature DataFrame ready: 51 rows.
2026-06-30 15:15:29 | DEBUG   | Price: $58,448.67  |  Confidence: 0.2195  |  In Position: False
2026-06-30 15:16:07 | DEBUG   | Fetching 250 x 1m candles for BTC/USDT...
2026-06-30 15:16:07 | DEBUG   | Feature DataFrame ready: 51 rows.
2026-06-30 15:16:07 | DEBUG   | Price: $58,304.01  |  Confidence: 0.2071  |  In Position: False
2026-06-30 15:16:29 | DEBUG   | Fetching 250 x 1m candles for BTC/USDT...
2026-06-30 15:16:29 | DEBUG   | Feature DataFrame ready: 51 rows.
2026-06-30 15:16:29 | DEBUG   | Price: $58,274.82  |  Confidence: 0.2125  |  In Position: False
2026-06-30 15:17:07 | DEBUG   | Fetching 250 x 1m candles for BTC/USDT...
2026-06-30 15:17:07 | DEBUG   | Feature DataFrame ready: 51 rows.
2026-06-30 15:17:07 | DEBUG   | Price: $58,282.00  |  Confidence: 0.2062  |  In Position: False
2026-06-30 15:17:29 | DEBUG   | Fetching 250 x 1m candles for BTC/USDT...
2026-06-30 15:17:30 | DEBUG   | Feature DataFrame ready: 51 rows.
2026-06-30 15:17:30 | DEBUG   | Price: $58,240.01  |  Confidence: 0.2131  |  In Position: False
2026-06-30 15:18:07 | DEBUG   | Fetching 250 x 1m candles for BTC/USDT...
2026-06-30 15:18:08 | DEBUG   | Feature DataFrame ready: 51 rows.
2026-06-30 15:18:08 | DEBUG   | Price: $58,226.68  |  Confidence: 0.2043  |  In Position: False
2026-06-30 15:18:30 | DEBUG   | Fetching 250 x 1m candles for BTC/USDT...
2026-06-30 15:18:30 | DEBUG   | Feature DataFrame ready: 51 rows.
2026-06-30 15:18:30 | DEBUG   | Price: $58,230.00  |  Confidence: 0.2043  |  In Position: False
2026-06-30 15:18:57 | INFO    | ============================================================
2026-06-30 15:18:57 | INFO    |    LIVE TRADING BOT — BINANCE TESTNET
2026-06-30 15:18:57 | INFO    | ============================================================
2026-06-30 15:18:59 | INFO    | Loaded ML model from models/quant_rf_model.pkl
2026-06-30 15:18:59 | INFO    | Connected to Binance Testnet.
2026-06-30 15:19:03 | INFO    | Account balance — USDT: 10,000.00  |  BTC: 1.000000
2026-06-30 15:19:03 | INFO    | Strategy: Confidence >= 5%  |  Trailing Stop: 1.5%  |  Hard SL: 1.0%
2026-06-30 15:19:03 | INFO    | Entering main loop...

2026-06-30 15:19:03 | DEBUG   | Fetching 250 x 1m candles for BTC/USDT...
2026-06-30 15:19:03 | DEBUG   | Feature DataFrame ready: 51 rows.
2026-06-30 15:19:03 | DEBUG   | Price: $58,230.53  |  Confidence: 0.2043  |  In Position: False
2026-06-30 15:19:04 | INFO    | MARKET BUY  | 0.1631 BTC @ ~$58,246.02  ($9,500.00 USDT)
2026-06-30 15:19:05 | INFO    | BUY ORDER FILLED  | ID: 11093309  Status: closed
2026-06-30 15:19:06 | INFO    | ENTERED LONG  |  Entry: $58,230.53  |  Position: 1.163100 BTC  |  Confidence: 20.43%
2026-06-30 15:19:08 | DEBUG   | Fetching 250 x 1m candles for BTC/USDT...
2026-06-30 15:19:09 | DEBUG   | Feature DataFrame ready: 51 rows.
2026-06-30 15:19:09 | DEBUG   | Price: $58,246.02  |  Confidence: 0.2075  |  In Position: False
2026-06-30 15:19:30 | DEBUG   | Fetching 250 x 1m candles for BTC/USDT...
2026-06-30 15:19:31 | DEBUG   | Feature DataFrame ready: 51 rows.
2026-06-30 15:19:31 | DEBUG   | Price: $58,280.66  |  Confidence: 0.1966  |  In Position: False
2026-06-30 15:20:06 | DEBUG   | Fetching 250 x 1m candles for BTC/USDT...
2026-06-30 15:20:07 | DEBUG   | Feature DataFrame ready: 51 rows.
2026-06-30 15:20:07 | DEBUG   | Price: $58,356.00  |  Confidence: 0.2010  |  In Position: True
2026-06-30 15:20:07 | DEBUG   | HOLDING  |  Entry: $58,230.53  |  Current: $58,356.00  |  Highest: $58,356.00  |  TS@$57,480.66  SL@$57,648.22
2026-06-30 15:20:09 | DEBUG   | Fetching 250 x 1m candles for BTC/USDT...
2026-06-30 15:20:09 | DEBUG   | Feature DataFrame ready: 51 rows.
2026-06-30 15:20:09 | DEBUG   | Price: $58,356.00  |  Confidence: 0.2010  |  In Position: False
2026-06-30 15:20:31 | DEBUG   | Fetching 250 x 1m candles for BTC/USDT...
2026-06-30 15:20:31 | DEBUG   | Feature DataFrame ready: 51 rows.
2026-06-30 15:20:31 | DEBUG   | Price: $58,406.00  |  Confidence: 0.2024  |  In Position: False
2026-06-30 15:20:36 | INFO    | ============================================================
2026-06-30 15:20:36 | INFO    |    LIVE TRADING BOT — BINANCE TESTNET
2026-06-30 15:20:36 | INFO    | ============================================================
2026-06-30 15:20:38 | INFO    | Loaded ML model from models/quant_rf_model.pkl
2026-06-30 15:20:38 | INFO    | Connected to Binance Testnet.
2026-06-30 15:20:42 | INFO    | Account balance — USDT: 500.07  |  BTC: 1.163100
2026-06-30 15:20:42 | INFO    | Strategy: Confidence >= 5%  |  Trailing Stop: 1.5%  |  Hard SL: 1.0%
2026-06-30 15:20:42 | INFO    | Entering main loop...

2026-06-30 15:20:42 | DEBUG   | Fetching 250 x 1m candles for BTC/USDT...
2026-06-30 15:20:42 | DEBUG   | Feature DataFrame ready: 51 rows.
2026-06-30 15:20:42 | DEBUG   | Price: $58,412.01  |  Confidence: 0.2042  |  In Position: False
2026-06-30 15:20:43 | INFO    | MARKET BUY  | 0.00813 BTC @ ~$58,412.01  ($475.07 USDT)
2026-06-30 15:20:44 | INFO    | BUY ORDER FILLED  | ID: 11093954  Status: closed
2026-06-30 15:20:46 | INFO    | ENTERED LONG  |  Entry: $58,412.01  |  Position: 1.171230 BTC  |  Confidence: 20.42%
2026-06-30 15:21:07 | DEBUG   | Fetching 250 x 1m candles for BTC/USDT...
2026-06-30 15:21:07 | DEBUG   | Feature DataFrame ready: 51 rows.
2026-06-30 15:21:07 | DEBUG   | Price: $58,413.99  |  Confidence: 0.1969  |  In Position: True
2026-06-30 15:21:07 | DEBUG   | HOLDING  |  Entry: $58,230.53  |  Current: $58,413.99  |  Highest: $58,413.99  |  TS@$57,537.78  SL@$57,648.22
2026-06-30 15:21:09 | DEBUG   | Fetching 250 x 1m candles for BTC/USDT...
2026-06-30 15:21:10 | DEBUG   | Feature DataFrame ready: 51 rows.
2026-06-30 15:21:10 | DEBUG   | Price: $58,419.84  |  Confidence: 0.1969  |  In Position: False
2026-06-30 15:21:31 | DEBUG   | Fetching 250 x 1m candles for BTC/USDT...
2026-06-30 15:21:32 | DEBUG   | Feature DataFrame ready: 51 rows.
2026-06-30 15:21:32 | DEBUG   | Price: $58,392.01  |  Confidence: 0.1951  |  In Position: False
2026-06-30 15:21:46 | DEBUG   | Fetching 250 x 1m candles for BTC/USDT...
2026-06-30 15:21:46 | DEBUG   | Feature DataFrame ready: 51 rows.
2026-06-30 15:21:46 | DEBUG   | Price: $58,400.71  |  Confidence: 0.1951  |  In Position: True
2026-06-30 15:21:46 | DEBUG   | HOLDING  |  Entry: $58,412.01  |  Current: $58,400.71  |  Highest: $58,412.01  |  TS@$57,535.83  SL@$57,827.89
2026-06-30 15:22:07 | DEBUG   | Fetching 250 x 1m candles for BTC/USDT...
2026-06-30 15:22:07 | DEBUG   | Feature DataFrame ready: 51 rows.
2026-06-30 15:22:08 | DEBUG   | Price: $58,356.33  |  Confidence: 0.1901  |  In Position: True
2026-06-30 15:22:08 | DEBUG   | HOLDING  |  Entry: $58,230.53  |  Current: $58,356.33  |  Highest: $58,413.99  |  TS@$57,537.78  SL@$57,648.22
2026-06-30 15:22:10 | DEBUG   | Fetching 250 x 1m candles for BTC/USDT...
2026-06-30 15:22:10 | DEBUG   | Feature DataFrame ready: 51 rows.
2026-06-30 15:22:10 | DEBUG   | Price: $58,356.33  |  Confidence: 0.1901  |  In Position: False
2026-06-30 15:22:32 | DEBUG   | Fetching 250 x 1m candles for BTC/USDT...
2026-06-30 15:22:33 | DEBUG   | Feature DataFrame ready: 51 rows.
2026-06-30 15:22:33 | DEBUG   | Price: $58,356.93  |  Confidence: 0.1901  |  In Position: False
2026-06-30 15:22:46 | DEBUG   | Fetching 250 x 1m candles for BTC/USDT...
2026-06-30 15:22:47 | DEBUG   | Feature DataFrame ready: 51 rows.
2026-06-30 15:22:47 | DEBUG   | Price: $58,356.93  |  Confidence: 0.1901  |  In Position: True
2026-06-30 15:22:47 | DEBUG   | HOLDING  |  Entry: $58,412.01  |  Current: $58,356.93  |  Highest: $58,412.01  |  TS@$57,535.83  SL@$57,827.89
2026-06-30 15:23:08 | DEBUG   | Fetching 250 x 1m candles for BTC/USDT...
2026-06-30 15:23:08 | DEBUG   | Feature DataFrame ready: 51 rows.
2026-06-30 15:23:08 | DEBUG   | Price: $58,359.49  |  Confidence: 0.1891  |  In Position: True
2026-06-30 15:23:08 | DEBUG   | HOLDING  |  Entry: $58,230.53  |  Current: $58,359.49  |  Highest: $58,413.99  |  TS@$57,537.78  SL@$57,648.22
2026-06-30 15:23:10 | DEBUG   | Fetching 250 x 1m candles for BTC/USDT...
2026-06-30 15:23:11 | DEBUG   | Feature DataFrame ready: 51 rows.
2026-06-30 15:23:11 | DEBUG   | Price: $58,359.49  |  Confidence: 0.1891  |  In Position: False
2026-06-30 15:23:33 | DEBUG   | Fetching 250 x 1m candles for BTC/USDT...
2026-06-30 15:23:33 | DEBUG   | Feature DataFrame ready: 51 rows.
2026-06-30 15:23:33 | DEBUG   | Price: $58,353.91  |  Confidence: 0.1891  |  In Position: False
2026-06-30 15:23:47 | DEBUG   | Fetching 250 x 1m candles for BTC/USDT...
2026-06-30 15:23:48 | DEBUG   | Feature DataFrame ready: 51 rows.
2026-06-30 15:23:48 | DEBUG   | Price: $58,366.00  |  Confidence: 0.1891  |  In Position: True
2026-06-30 15:23:48 | DEBUG   | HOLDING  |  Entry: $58,412.01  |  Current: $58,366.00  |  Highest: $58,412.01  |  TS@$57,535.83  SL@$57,827.89
2026-06-30 15:24:08 | DEBUG   | Fetching 250 x 1m candles for BTC/USDT...
2026-06-30 15:24:08 | DEBUG   | Feature DataFrame ready: 51 rows.
2026-06-30 15:24:08 | DEBUG   | Price: $58,362.52  |  Confidence: 0.1831  |  In Position: True
2026-06-30 15:24:08 | DEBUG   | HOLDING  |  Entry: $58,230.53  |  Current: $58,362.52  |  Highest: $58,413.99  |  TS@$57,537.78  SL@$57,648.22
2026-06-30 15:24:11 | DEBUG   | Fetching 250 x 1m candles for BTC/USDT...
2026-06-30 15:24:11 | DEBUG   | Feature DataFrame ready: 51 rows.
2026-06-30 15:24:12 | DEBUG   | Price: $58,362.52  |  Confidence: 0.1831  |  In Position: False
2026-06-30 15:24:33 | DEBUG   | Fetching 250 x 1m candles for BTC/USDT...
2026-06-30 15:24:34 | DEBUG   | Feature DataFrame ready: 51 rows.
2026-06-30 15:24:34 | DEBUG   | Price: $58,413.96  |  Confidence: 0.1866  |  In Position: False
2026-06-30 15:24:48 | DEBUG   | Fetching 250 x 1m candles for BTC/USDT...
2026-06-30 15:24:48 | DEBUG   | Feature DataFrame ready: 51 rows.
2026-06-30 15:24:48 | DEBUG   | Price: $58,418.00  |  Confidence: 0.1858  |  In Position: True
2026-06-30 15:24:48 | DEBUG   | HOLDING  |  Entry: $58,412.01  |  Current: $58,418.00  |  Highest: $58,418.00  |  TS@$57,541.73  SL@$57,827.89
2026-06-30 15:25:12 | DEBUG   | Fetching 250 x 1m candles for BTC/USDT...
2026-06-30 15:25:12 | DEBUG   | Feature DataFrame ready: 51 rows.
2026-06-30 15:25:12 | DEBUG   | Price: $58,418.53  |  Confidence: 0.1837  |  In Position: False
2026-06-30 15:25:34 | DEBUG   | Fetching 250 x 1m candles for BTC/USDT...
2026-06-30 15:25:35 | DEBUG   | Feature DataFrame ready: 51 rows.
2026-06-30 15:25:35 | DEBUG   | Price: $58,464.25  |  Confidence: 0.1919  |  In Position: False
2026-06-30 15:25:48 | DEBUG   | Fetching 250 x 1m candles for BTC/USDT...
2026-06-30 15:25:48 | DEBUG   | Feature DataFrame ready: 51 rows.
2026-06-30 15:25:48 | DEBUG   | Price: $58,456.44  |  Confidence: 0.1919  |  In Position: True
2026-06-30 15:25:48 | DEBUG   | HOLDING  |  Entry: $58,412.01  |  Current: $58,456.44  |  Highest: $58,456.44  |  TS@$57,579.59  SL@$57,827.89
2026-06-30 15:26:12 | DEBUG   | Fetching 250 x 1m candles for BTC/USDT...
2026-06-30 15:26:12 | DEBUG   | Feature DataFrame ready: 51 rows.
2026-06-30 15:26:12 | DEBUG   | Price: $58,448.00  |  Confidence: 0.1826  |  In Position: False
2026-06-30 15:26:35 | DEBUG   | Fetching 250 x 1m candles for BTC/USDT...
2026-06-30 15:26:35 | DEBUG   | Feature DataFrame ready: 51 rows.
2026-06-30 15:26:35 | DEBUG   | Price: $58,434.54  |  Confidence: 0.1839  |  In Position: False
2026-06-30 15:26:48 | DEBUG   | Fetching 250 x 1m candles for BTC/USDT...
2026-06-30 15:26:49 | DEBUG   | Feature DataFrame ready: 51 rows.
2026-06-30 15:26:49 | DEBUG   | Price: $58,440.00  |  Confidence: 0.1839  |  In Position: True
2026-06-30 15:26:49 | DEBUG   | HOLDING  |  Entry: $58,412.01  |  Current: $58,440.00  |  Highest: $58,456.44  |  TS@$57,579.59  SL@$57,827.89
2026-06-30 15:27:12 | DEBUG   | Fetching 250 x 1m candles for BTC/USDT...
2026-06-30 15:27:13 | DEBUG   | Feature DataFrame ready: 51 rows.
2026-06-30 15:27:13 | DEBUG   | Price: $58,428.88  |  Confidence: 0.1592  |  In Position: False
2026-06-30 15:27:35 | DEBUG   | Fetching 250 x 1m candles for BTC/USDT...
2026-06-30 15:27:36 | DEBUG   | Feature DataFrame ready: 51 rows.
2026-06-30 15:27:36 | DEBUG   | Price: $58,438.63  |  Confidence: 0.1618  |  In Position: False
2026-06-30 15:27:49 | DEBUG   | Fetching 250 x 1m candles for BTC/USDT...
2026-06-30 15:27:50 | DEBUG   | Feature DataFrame ready: 51 rows.
2026-06-30 15:27:50 | DEBUG   | Price: $58,428.47  |  Confidence: 0.1592  |  In Position: True
2026-06-30 15:27:50 | DEBUG   | HOLDING  |  Entry: $58,412.01  |  Current: $58,428.47  |  Highest: $58,456.44  |  TS@$57,579.59  SL@$57,827.89
2026-06-30 15:28:13 | DEBUG   | Fetching 250 x 1m candles for BTC/USDT...
2026-06-30 15:28:13 | DEBUG   | Feature DataFrame ready: 51 rows.
2026-06-30 15:28:13 | DEBUG   | Price: $58,414.00  |  Confidence: 0.1361  |  In Position: False
2026-06-30 15:28:36 | DEBUG   | Fetching 250 x 1m candles for BTC/USDT...
2026-06-30 15:28:37 | DEBUG   | Feature DataFrame ready: 51 rows.
2026-06-30 15:28:37 | DEBUG   | Price: $58,406.00  |  Confidence: 0.1361  |  In Position: False
2026-06-30 15:28:53 | DEBUG   | Fetching 250 x 1m candles for BTC/USDT...
2026-06-30 15:28:53 | DEBUG   | Feature DataFrame ready: 51 rows.
2026-06-30 15:28:53 | DEBUG   | Price: $58,402.00  |  Confidence: 0.1343  |  In Position: True
2026-06-30 15:28:53 | DEBUG   | HOLDING  |  Entry: $58,412.01  |  Current: $58,402.00  |  Highest: $58,456.44  |  TS@$57,579.59  SL@$57,827.89
2026-06-30 15:41:22 | DEBUG   | Fetching 250 x 1m candles for BTC/USDT...
2026-06-30 15:41:32 | ERROR   | Network error: binance GET https://testnet.binance.vision/api/v3/klines?interval=1m&limit=250&symbol=BTCUSDT. Retrying in 60s...
2026-06-30 15:41:45 | DEBUG   | Fetching 250 x 1m candles for BTC/USDT...
2026-07-01 06:32:29 | ERROR   | Network error: binance GET https://testnet.binance.vision/api/v3/klines?interval=1m&limit=250&symbol=BTCUSDT. Retrying in 60s...
2026-07-01 06:32:32 | DEBUG   | Fetching 250 x 1m candles for BTC/USDT...
2026-07-01 06:32:42 | ERROR   | Network error: binance GET https://testnet.binance.vision/api/v3/klines?interval=1m&limit=250&symbol=BTCUSDT. Retrying in 60s...
2026-07-01 08:18:25 | DEBUG   | Fetching 250 x 1m candles for BTC/USDT...
2026-07-01 08:18:25 | ERROR   | Network error: binance GET https://testnet.binance.vision/api/v3/klines?interval=1m&limit=250&symbol=BTCUSDT. Retrying in 60s...
2026-07-01 08:19:22 | DEBUG   | Fetching 250 x 1m candles for BTC/USDT...
2026-07-01 08:19:22 | ERROR   | Network error: binance GET https://testnet.binance.vision/api/v3/klines?interval=1m&limit=250&symbol=BTCUSDT. Retrying in 60s...
2026-07-01 08:19:36 | DEBUG   | Fetching 250 x 1m candles for BTC/USDT...
2026-07-01 08:19:36 | ERROR   | Network error: binance GET https://testnet.binance.vision/api/v3/klines?interval=1m&limit=250&symbol=BTCUSDT. Retrying in 60s...
2026-07-01 09:12:31 | DEBUG   | Fetching 250 x 1m candles for BTC/USDT...
2026-07-01 09:12:31 | ERROR   | Network error: binance GET https://testnet.binance.vision/api/v3/klines?interval=1m&limit=250&symbol=BTCUSDT. Retrying in 60s...
2026-07-01 09:12:54 | DEBUG   | Fetching 250 x 1m candles for BTC/USDT...
2026-07-01 09:12:54 | ERROR   | Network error: binance GET https://testnet.binance.vision/api/v3/klines?interval=1m&limit=250&symbol=BTCUSDT. Retrying in 60s...
2026-07-01 09:13:07 | DEBUG   | Fetching 250 x 1m candles for BTC/USDT...
2026-07-01 09:13:07 | ERROR   | Network error: binance GET https://testnet.binance.vision/api/v3/klines?interval=1m&limit=250&symbol=BTCUSDT. Retrying in 60s...
2026-07-01 09:13:31 | DEBUG   | Fetching 250 x 1m candles for BTC/USDT...
2026-07-01 09:13:31 | ERROR   | Network error: binance GET https://testnet.binance.vision/api/v3/klines?interval=1m&limit=250&symbol=BTCUSDT. Retrying in 60s...
2026-07-01 09:13:54 | DEBUG   | Fetching 250 x 1m candles for BTC/USDT...
2026-07-01 09:13:59 | DEBUG   | Feature DataFrame ready: 51 rows.
2026-07-01 09:13:59 | DEBUG   | Price: $58,970.09  |  Confidence: 0.0916  |  In Position: False
2026-07-01 09:14:07 | DEBUG   | Fetching 250 x 1m candles for BTC/USDT...
2026-07-01 09:14:09 | DEBUG   | Feature DataFrame ready: 51 rows.
2026-07-01 09:14:10 | DEBUG   | Price: $58,968.77  |  Confidence: 0.0860  |  In Position: True
2026-07-01 09:14:10 | DEBUG   | HOLDING  |  Entry: $58,412.01  |  Current: $58,968.77  |  Highest: $58,968.77  |  TS@$58,084.24  SL@$57,827.89
2026-07-01 09:14:31 | DEBUG   | Fetching 250 x 1m candles for BTC/USDT...
2026-07-01 09:14:33 | DEBUG   | Feature DataFrame ready: 51 rows.
2026-07-01 09:14:33 | DEBUG   | Price: $58,967.46  |  Confidence: 0.0860  |  In Position: False
2026-07-01 09:14:59 | DEBUG   | Fetching 250 x 1m candles for BTC/USDT...
2026-07-01 09:15:04 | DEBUG   | Feature DataFrame ready: 51 rows.
2026-07-01 09:15:04 | DEBUG   | Price: $58,955.99  |  Confidence: 0.0842  |  In Position: False
2026-07-01 09:15:10 | DEBUG   | Fetching 250 x 1m candles for BTC/USDT...
2026-07-01 09:15:11 | DEBUG   | Feature DataFrame ready: 51 rows.
2026-07-01 09:15:11 | DEBUG   | Price: $58,956.00  |  Confidence: 0.0838  |  In Position: True
2026-07-01 09:15:11 | DEBUG   | HOLDING  |  Entry: $58,412.01  |  Current: $58,956.00  |  Highest: $58,968.77  |  TS@$58,084.24  SL@$57,827.89
2026-07-01 09:15:33 | DEBUG   | Fetching 250 x 1m candles for BTC/USDT...
2026-07-01 09:15:34 | DEBUG   | Feature DataFrame ready: 51 rows.
2026-07-01 09:15:34 | DEBUG   | Price: $58,953.67  |  Confidence: 0.0838  |  In Position: False
2026-07-01 09:16:04 | DEBUG   | Fetching 250 x 1m candles for BTC/USDT...
2026-07-01 09:16:05 | DEBUG   | Feature DataFrame ready: 51 rows.
2026-07-01 09:16:05 | DEBUG   | Price: $58,983.16  |  Confidence: 0.0909  |  In Position: False
2026-07-01 09:16:11 | DEBUG   | Fetching 250 x 1m candles for BTC/USDT...
2026-07-01 09:16:12 | DEBUG   | Feature DataFrame ready: 51 rows.
2026-07-01 09:16:12 | DEBUG   | Price: $58,984.04  |  Confidence: 0.0909  |  In Position: True
2026-07-01 09:16:12 | DEBUG   | HOLDING  |  Entry: $58,412.01  |  Current: $58,984.04  |  Highest: $58,984.04  |  TS@$58,099.28  SL@$57,827.89
2026-07-01 09:16:34 | DEBUG   | Fetching 250 x 1m candles for BTC/USDT...
2026-07-01 09:16:35 | DEBUG   | Feature DataFrame ready: 51 rows.
2026-07-01 09:16:35 | DEBUG   | Price: $58,979.97  |  Confidence: 0.0870  |  In Position: False
2026-07-01 09:17:05 | DEBUG   | Fetching 250 x 1m candles for BTC/USDT...
2026-07-01 09:17:06 | DEBUG   | Feature DataFrame ready: 51 rows.
2026-07-01 09:17:06 | DEBUG   | Price: $58,985.77  |  Confidence: 0.0902  |  In Position: False
2026-07-01 09:17:12 | DEBUG   | Fetching 250 x 1m candles for BTC/USDT...
2026-07-01 09:17:13 | DEBUG   | Feature DataFrame ready: 51 rows.
2026-07-01 09:17:13 | DEBUG   | Price: $58,985.77  |  Confidence: 0.0902  |  In Position: True
2026-07-01 09:17:13 | DEBUG   | HOLDING  |  Entry: $58,412.01  |  Current: $58,985.77  |  Highest: $58,985.77  |  TS@$58,100.98  SL@$57,827.89
2026-07-01 09:17:35 | DEBUG   | Fetching 250 x 1m candles for BTC/USDT...
2026-07-01 09:17:35 | DEBUG   | Feature DataFrame ready: 51 rows.
2026-07-01 09:17:36 | DEBUG   | Price: $59,005.05  |  Confidence: 0.1002  |  In Position: False
2026-07-01 09:18:06 | DEBUG   | Fetching 250 x 1m candles for BTC/USDT...
2026-07-01 09:18:10 | DEBUG   | Feature DataFrame ready: 51 rows.
2026-07-01 09:18:10 | DEBUG   | Price: $59,003.49  |  Confidence: 0.1002  |  In Position: False
2026-07-01 09:18:13 | DEBUG   | Fetching 250 x 1m candles for BTC/USDT...
2026-07-01 09:18:23 | ERROR   | Network error: binance GET https://testnet.binance.vision/api/v3/klines?interval=1m&limit=250&symbol=BTCUSDT. Retrying in 60s...
2026-07-01 09:18:36 | DEBUG   | Fetching 250 x 1m candles for BTC/USDT...
2026-07-01 09:18:36 | DEBUG   | Feature DataFrame ready: 51 rows.
2026-07-01 09:18:36 | DEBUG   | Price: $58,958.62  |  Confidence: 0.0814  |  In Position: False
2026-07-01 09:20:08 | DEBUG   | Fetching 250 x 1m candles for BTC/USDT...
2026-07-01 10:46:54 | ERROR   | Network error: binance GET https://testnet.binance.vision/api/v3/klines?interval=1m&limit=250&symbol=BTCUSDT. Retrying in 60s...
2026-07-01 10:46:55 | DEBUG   | Fetching 250 x 1m candles for BTC/USDT...
2026-07-01 10:46:55 | ERROR   | Network error: binance GET https://testnet.binance.vision/api/v3/klines?interval=1m&limit=250&symbol=BTCUSDT. Retrying in 60s...
2026-07-01 10:47:09 | DEBUG   | Fetching 250 x 1m candles for BTC/USDT...
2026-07-01 10:47:19 | ERROR   | Network error: binance GET https://testnet.binance.vision/api/v3/klines?interval=1m&limit=250&symbol=BTCUSDT. Retrying in 60s...
2026-07-01 10:47:54 | DEBUG   | Fetching 250 x 1m candles for BTC/USDT...
2026-07-01 10:47:55 | DEBUG   | Fetching 250 x 1m candles for BTC/USDT...
2026-07-01 10:48:10 | ERROR   | Network error: binance GET https://testnet.binance.vision/api/v3/klines?interval=1m&limit=250&symbol=BTCUSDT. Retrying in 60s...
2026-07-01 10:48:10 | ERROR   | Network error: binance GET https://testnet.binance.vision/api/v3/klines?interval=1m&limit=250&symbol=BTCUSDT. Retrying in 60s...
2026-07-01 10:48:19 | DEBUG   | Fetching 250 x 1m candles for BTC/USDT...
2026-07-01 10:48:40 | ERROR   | Network error: binance GET https://testnet.binance.vision/api/v3/klines?interval=1m&limit=250&symbol=BTCUSDT. Retrying in 60s...
2026-07-01 10:49:10 | DEBUG   | Fetching 250 x 1m candles for BTC/USDT...
2026-07-01 10:49:10 | DEBUG   | Fetching 250 x 1m candles for BTC/USDT...
2026-07-01 10:49:36 | ERROR   | Network error: binance GET https://testnet.binance.vision/api/v3/klines?interval=1m&limit=250&symbol=BTCUSDT. Retrying in 60s...
2026-07-01 10:49:36 | ERROR   | Network error: binance GET https://testnet.binance.vision/api/v3/klines?interval=1m&limit=250&symbol=BTCUSDT. Retrying in 60s...
2026-07-01 10:49:40 | DEBUG   | Fetching 250 x 1m candles for BTC/USDT...
2026-07-01 10:50:01 | ERROR   | Network error: binance GET https://testnet.binance.vision/api/v3/klines?interval=1m&limit=250&symbol=BTCUSDT. Retrying in 60s...
2026-07-01 10:50:36 | DEBUG   | Fetching 250 x 1m candles for BTC/USDT...
2026-07-01 10:50:36 | DEBUG   | Fetching 250 x 1m candles for BTC/USDT...
2026-07-01 10:50:39 | DEBUG   | Feature DataFrame ready: 51 rows.
2026-07-01 10:50:39 | DEBUG   | Feature DataFrame ready: 51 rows.
2026-07-01 10:50:39 | DEBUG   | Price: $58,677.09  |  Confidence: 0.1215  |  In Position: False
2026-07-01 10:50:39 | DEBUG   | Price: $58,677.09  |  Confidence: 0.1215  |  In Position: True
2026-07-01 10:50:39 | DEBUG   | HOLDING  |  Entry: $58,412.01  |  Current: $58,677.09  |  Highest: $58,985.77  |  TS@$58,100.98  SL@$57,827.89
2026-07-01 10:51:01 | DEBUG   | Fetching 250 x 1m candles for BTC/USDT...
2026-07-01 10:51:03 | DEBUG   | Feature DataFrame ready: 51 rows.
2026-07-01 10:51:03 | DEBUG   | Price: $58,674.46  |  Confidence: 0.1215  |  In Position: False
2026-07-01 10:51:39 | DEBUG   | Fetching 250 x 1m candles for BTC/USDT...
2026-07-01 10:51:39 | DEBUG   | Fetching 250 x 1m candles for BTC/USDT...
2026-07-01 10:51:40 | DEBUG   | Feature DataFrame ready: 51 rows.
2026-07-01 10:51:40 | DEBUG   | Price: $58,665.37  |  Confidence: 0.1156  |  In Position: True
2026-07-01 10:51:40 | DEBUG   | HOLDING  |  Entry: $58,412.01  |  Current: $58,665.37  |  Highest: $58,985.77  |  TS@$58,100.98  SL@$57,827.89
2026-07-01 10:51:41 | DEBUG   | Feature DataFrame ready: 51 rows.
2026-07-01 10:51:41 | DEBUG   | Price: $58,665.37  |  Confidence: 0.1156  |  In Position: False
2026-07-01 10:52:03 | DEBUG   | Fetching 250 x 1m candles for BTC/USDT...
2026-07-01 10:52:04 | DEBUG   | Feature DataFrame ready: 51 rows.
2026-07-01 10:52:04 | DEBUG   | Price: $58,675.99  |  Confidence: 0.1084  |  In Position: False
2026-07-01 10:52:40 | DEBUG   | Fetching 250 x 1m candles for BTC/USDT...
2026-07-01 10:52:41 | DEBUG   | Fetching 250 x 1m candles for BTC/USDT...
2026-07-01 10:52:47 | DEBUG   | Feature DataFrame ready: 51 rows.
2026-07-01 10:52:47 | DEBUG   | Price: $58,682.00  |  Confidence: 0.1084  |  In Position: False
2026-07-01 10:52:48 | DEBUG   | Feature DataFrame ready: 51 rows.
2026-07-01 10:52:48 | DEBUG   | Price: $58,682.00  |  Confidence: 0.1084  |  In Position: True
2026-07-01 10:52:48 | DEBUG   | HOLDING  |  Entry: $58,412.01  |  Current: $58,682.00  |  Highest: $58,985.77  |  TS@$58,100.98  SL@$57,827.89
2026-07-01 10:53:04 | DEBUG   | Fetching 250 x 1m candles for BTC/USDT...
2026-07-01 10:53:04 | DEBUG   | Feature DataFrame ready: 51 rows.
2026-07-01 10:53:05 | DEBUG   | Price: $58,680.67  |  Confidence: 0.1082  |  In Position: False
2026-07-01 10:53:47 | DEBUG   | Fetching 250 x 1m candles for BTC/USDT...
2026-07-01 10:53:48 | DEBUG   | Fetching 250 x 1m candles for BTC/USDT...
2026-07-01 10:53:48 | DEBUG   | Feature DataFrame ready: 51 rows.
2026-07-01 10:53:48 | DEBUG   | Price: $58,670.35  |  Confidence: 0.1082  |  In Position: False
2026-07-01 10:53:49 | DEBUG   | Feature DataFrame ready: 51 rows.
2026-07-01 10:53:49 | DEBUG   | Price: $58,670.35  |  Confidence: 0.1082  |  In Position: True
2026-07-01 10:53:49 | DEBUG   | HOLDING  |  Entry: $58,412.01  |  Current: $58,670.35  |  Highest: $58,985.77  |  TS@$58,100.98  SL@$57,827.89
2026-07-01 10:54:05 | DEBUG   | Fetching 250 x 1m candles for BTC/USDT...
2026-07-01 10:54:05 | DEBUG   | Feature DataFrame ready: 51 rows.
2026-07-01 10:54:05 | DEBUG   | Price: $58,663.60  |  Confidence: 0.1002  |  In Position: False
2026-07-01 10:54:48 | DEBUG   | Fetching 250 x 1m candles for BTC/USDT...
2026-07-01 10:54:49 | DEBUG   | Fetching 250 x 1m candles for BTC/USDT...
2026-07-01 10:54:50 | DEBUG   | Feature DataFrame ready: 51 rows.
2026-07-01 10:54:50 | DEBUG   | Price: $58,650.62  |  Confidence: 0.0995  |  In Position: False
2026-07-01 10:54:50 | DEBUG   | Feature DataFrame ready: 51 rows.
2026-07-01 10:54:50 | DEBUG   | Price: $58,650.62  |  Confidence: 0.0995  |  In Position: True
2026-07-01 10:54:50 | DEBUG   | HOLDING  |  Entry: $58,412.01  |  Current: $58,650.62  |  Highest: $58,985.77  |  TS@$58,100.98  SL@$57,827.89
2026-07-01 10:55:05 | DEBUG   | Fetching 250 x 1m candles for BTC/USDT...
2026-07-01 10:55:06 | DEBUG   | Feature DataFrame ready: 51 rows.
2026-07-01 10:55:06 | DEBUG   | Price: $58,650.62  |  Confidence: 0.0980  |  In Position: False
2026-07-01 10:55:50 | DEBUG   | Fetching 250 x 1m candles for BTC/USDT...
2026-07-01 10:55:50 | DEBUG   | Fetching 250 x 1m candles for BTC/USDT...
2026-07-01 10:56:00 | ERROR   | Network error: binance GET https://testnet.binance.vision/api/v3/klines?interval=1m&limit=250&symbol=BTCUSDT. Retrying in 60s...
2026-07-01 10:56:00 | ERROR   | Network error: binance GET https://testnet.binance.vision/api/v3/klines?interval=1m&limit=250&symbol=BTCUSDT. Retrying in 60s...
2026-07-01 10:56:06 | DEBUG   | Fetching 250 x 1m candles for BTC/USDT...
2026-07-01 10:56:07 | DEBUG   | Feature DataFrame ready: 51 rows.
2026-07-01 10:56:07 | DEBUG   | Price: $58,650.00  |  Confidence: 0.0962  |  In Position: False
2026-07-01 10:57:00 | DEBUG   | Fetching 250 x 1m candles for BTC/USDT...
2026-07-01 10:57:00 | DEBUG   | Fetching 250 x 1m candles for BTC/USDT...
2026-07-01 10:57:03 | DEBUG   | Feature DataFrame ready: 51 rows.
2026-07-01 10:57:03 | DEBUG   | Price: $58,669.02  |  Confidence: 0.1241  |  In Position: False
2026-07-01 10:57:03 | DEBUG   | Feature DataFrame ready: 51 rows.
2026-07-01 10:57:03 | DEBUG   | Price: $58,669.02  |  Confidence: 0.1241  |  In Position: True
2026-07-01 10:57:03 | DEBUG   | HOLDING  |  Entry: $58,412.01  |  Current: $58,669.02  |  Highest: $58,985.77  |  TS@$58,100.98  SL@$57,827.89
2026-07-01 10:57:07 | DEBUG   | Fetching 250 x 1m candles for BTC/USDT...
2026-07-01 10:57:08 | DEBUG   | Feature DataFrame ready: 51 rows.
2026-07-01 10:57:08 | DEBUG   | Price: $58,674.00  |  Confidence: 0.1172  |  In Position: False
2026-07-01 10:58:03 | DEBUG   | Fetching 250 x 1m candles for BTC/USDT...
2026-07-01 10:58:03 | DEBUG   | Fetching 250 x 1m candles for BTC/USDT...
2026-07-01 10:58:04 | DEBUG   | Feature DataFrame ready: 51 rows.
2026-07-01 10:58:04 | DEBUG   | Price: $58,676.01  |  Confidence: 0.1971  |  In Position: False
2026-07-01 10:58:05 | DEBUG   | Feature DataFrame ready: 51 rows.
2026-07-01 10:58:05 | DEBUG   | Price: $58,676.01  |  Confidence: 0.1971  |  In Position: True
2026-07-01 10:58:05 | DEBUG   | HOLDING  |  Entry: $58,412.01  |  Current: $58,676.01  |  Highest: $58,985.77  |  TS@$58,100.98  SL@$57,827.89
2026-07-01 10:58:08 | DEBUG   | Fetching 250 x 1m candles for BTC/USDT...
2026-07-01 10:58:09 | DEBUG   | Feature DataFrame ready: 51 rows.
2026-07-01 10:58:09 | DEBUG   | Price: $58,676.53  |  Confidence: 0.1971  |  In Position: False
2026-07-01 10:59:04 | DEBUG   | Fetching 250 x 1m candles for BTC/USDT...
2026-07-01 10:59:05 | DEBUG   | Fetching 250 x 1m candles for BTC/USDT...
2026-07-01 10:59:06 | DEBUG   | Feature DataFrame ready: 51 rows.
2026-07-01 10:59:06 | DEBUG   | Price: $58,676.01  |  Confidence: 0.1940  |  In Position: True
2026-07-01 10:59:06 | DEBUG   | HOLDING  |  Entry: $58,412.01  |  Current: $58,676.01  |  Highest: $58,985.77  |  TS@$58,100.98  SL@$57,827.89
2026-07-01 10:59:07 | DEBUG   | Feature DataFrame ready: 51 rows.
2026-07-01 10:59:08 | DEBUG   | Price: $58,676.01  |  Confidence: 0.1940  |  In Position: False
2026-07-01 10:59:09 | DEBUG   | Fetching 250 x 1m candles for BTC/USDT...
2026-07-01 10:59:09 | DEBUG   | Feature DataFrame ready: 51 rows.
2026-07-01 10:59:09 | DEBUG   | Price: $58,676.01  |  Confidence: 0.1940  |  In Position: False
2026-07-01 11:00:06 | DEBUG   | Fetching 250 x 1m candles for BTC/USDT...
2026-07-01 11:00:07 | DEBUG   | Feature DataFrame ready: 51 rows.
2026-07-01 11:00:07 | DEBUG   | Price: $58,659.98  |  Confidence: 0.1827  |  In Position: True
2026-07-01 11:00:07 | DEBUG   | HOLDING  |  Entry: $58,412.01  |  Current: $58,659.98  |  Highest: $58,985.77  |  TS@$58,100.98  SL@$57,827.89
2026-07-01 11:00:08 | DEBUG   | Fetching 250 x 1m candles for BTC/USDT...
2026-07-01 11:00:08 | DEBUG   | Feature DataFrame ready: 51 rows.
2026-07-01 11:00:08 | DEBUG   | Price: $58,659.98  |  Confidence: 0.1827  |  In Position: False
2026-07-01 11:00:09 | DEBUG   | Fetching 250 x 1m candles for BTC/USDT...
2026-07-01 11:00:10 | DEBUG   | Feature DataFrame ready: 51 rows.
2026-07-01 11:00:10 | DEBUG   | Price: $58,659.98  |  Confidence: 0.1827  |  In Position: False
2026-07-01 11:01:07 | DEBUG   | Fetching 250 x 1m candles for BTC/USDT...
2026-07-01 11:01:08 | DEBUG   | Feature DataFrame ready: 51 rows.
2026-07-01 11:01:08 | DEBUG   | Price: $58,631.33  |  Confidence: 0.2660  |  In Position: True
2026-07-01 11:01:08 | DEBUG   | HOLDING  |  Entry: $58,412.01  |  Current: $58,631.33  |  Highest: $58,985.77  |  TS@$58,100.98  SL@$57,827.89
2026-07-01 11:01:08 | DEBUG   | Fetching 250 x 1m candles for BTC/USDT...
2026-07-01 11:01:10 | DEBUG   | Feature DataFrame ready: 51 rows.
2026-07-01 11:01:10 | DEBUG   | Price: $58,631.33  |  Confidence: 0.2660  |  In Position: False
2026-07-01 11:01:10 | DEBUG   | Fetching 250 x 1m candles for BTC/USDT...
2026-07-01 11:01:11 | DEBUG   | Feature DataFrame ready: 51 rows.
2026-07-01 11:01:11 | DEBUG   | Price: $58,651.40  |  Confidence: 0.2541  |  In Position: False
2026-07-01 11:02:08 | DEBUG   | Fetching 250 x 1m candles for BTC/USDT...
2026-07-01 11:02:08 | DEBUG   | Feature DataFrame ready: 51 rows.
2026-07-01 11:02:08 | DEBUG   | Price: $58,602.00  |  Confidence: 0.2660  |  In Position: True
2026-07-01 11:02:08 | DEBUG   | HOLDING  |  Entry: $58,412.01  |  Current: $58,602.00  |  Highest: $58,985.77  |  TS@$58,100.98  SL@$57,827.89
2026-07-01 11:02:10 | DEBUG   | Fetching 250 x 1m candles for BTC/USDT...
2026-07-01 11:02:11 | DEBUG   | Feature DataFrame ready: 51 rows.
2026-07-01 11:02:11 | DEBUG   | Price: $58,602.00  |  Confidence: 0.2660  |  In Position: False
2026-07-01 11:02:11 | DEBUG   | Fetching 250 x 1m candles for BTC/USDT...
2026-07-01 11:02:12 | DEBUG   | Feature DataFrame ready: 51 rows.
2026-07-01 11:02:12 | DEBUG   | Price: $58,602.00  |  Confidence: 0.2660  |  In Position: False
2026-07-01 11:03:08 | DEBUG   | Fetching 250 x 1m candles for BTC/USDT...
2026-07-01 11:03:09 | DEBUG   | Feature DataFrame ready: 51 rows.
2026-07-01 11:03:09 | DEBUG   | Price: $58,627.74  |  Confidence: 0.2511  |  In Position: True
2026-07-01 11:03:09 | DEBUG   | HOLDING  |  Entry: $58,412.01  |  Current: $58,627.74  |  Highest: $58,985.77  |  TS@$58,100.98  SL@$57,827.89
2026-07-01 11:03:11 | DEBUG   | Fetching 250 x 1m candles for BTC/USDT...
2026-07-01 11:03:11 | DEBUG   | Feature DataFrame ready: 51 rows.
2026-07-01 11:03:12 | DEBUG   | Price: $58,627.74  |  Confidence: 0.2511  |  In Position: False
2026-07-01 11:03:12 | DEBUG   | Fetching 250 x 1m candles for BTC/USDT...
2026-07-01 11:03:13 | DEBUG   | Feature DataFrame ready: 51 rows.
2026-07-01 11:03:13 | DEBUG   | Price: $58,627.74  |  Confidence: 0.2511  |  In Position: False
2026-07-01 11:04:09 | DEBUG   | Fetching 250 x 1m candles for BTC/USDT...
2026-07-01 11:04:11 | DEBUG   | Feature DataFrame ready: 51 rows.
2026-07-01 11:04:11 | DEBUG   | Price: $58,630.02  |  Confidence: 0.2541  |  In Position: True
2026-07-01 11:04:11 | DEBUG   | HOLDING  |  Entry: $58,412.01  |  Current: $58,630.02  |  Highest: $58,985.77  |  TS@$58,100.98  SL@$57,827.89
2026-07-01 11:04:12 | DEBUG   | Fetching 250 x 1m candles for BTC/USDT...
2026-07-01 11:04:13 | DEBUG   | Feature DataFrame ready: 51 rows.
2026-07-01 11:04:13 | DEBUG   | Price: $58,630.02  |  Confidence: 0.2541  |  In Position: False
2026-07-01 11:04:13 | DEBUG   | Fetching 250 x 1m candles for BTC/USDT...
2026-07-01 11:04:14 | DEBUG   | Feature DataFrame ready: 51 rows.
2026-07-01 11:04:14 | DEBUG   | Price: $58,630.02  |  Confidence: 0.2541  |  In Position: False
2026-07-01 11:05:11 | DEBUG   | Fetching 250 x 1m candles for BTC/USDT...
2026-07-01 11:05:12 | DEBUG   | Feature DataFrame ready: 51 rows.
2026-07-01 11:05:12 | DEBUG   | Price: $58,676.73  |  Confidence: 0.2678  |  In Position: True
2026-07-01 11:05:12 | DEBUG   | HOLDING  |  Entry: $58,412.01  |  Current: $58,676.73  |  Highest: $58,985.77  |  TS@$58,100.98  SL@$57,827.89
2026-07-01 11:05:13 | DEBUG   | Fetching 250 x 1m candles for BTC/USDT...
2026-07-01 11:05:14 | DEBUG   | Fetching 250 x 1m candles for BTC/USDT...
2026-07-01 11:05:14 | DEBUG   | Feature DataFrame ready: 51 rows.
2026-07-01 11:05:14 | DEBUG   | Price: $58,676.73  |  Confidence: 0.2678  |  In Position: False
2026-07-01 11:05:15 | DEBUG   | Feature DataFrame ready: 51 rows.
2026-07-01 11:05:15 | DEBUG   | Price: $58,676.73  |  Confidence: 0.2678  |  In Position: False
2026-07-01 11:06:12 | DEBUG   | Fetching 250 x 1m candles for BTC/USDT...
2026-07-01 11:06:13 | DEBUG   | Feature DataFrame ready: 51 rows.
2026-07-01 11:06:13 | DEBUG   | Price: $58,644.31  |  Confidence: 0.2541  |  In Position: True
2026-07-01 11:06:13 | DEBUG   | HOLDING  |  Entry: $58,412.01  |  Current: $58,644.31  |  Highest: $58,985.77  |  TS@$58,100.98  SL@$57,827.89
2026-07-01 11:06:14 | DEBUG   | Fetching 250 x 1m candles for BTC/USDT...
2026-07-01 11:06:15 | DEBUG   | Fetching 250 x 1m candles for BTC/USDT...
2026-07-01 11:06:15 | DEBUG   | Feature DataFrame ready: 51 rows.
2026-07-01 11:06:15 | DEBUG   | Feature DataFrame ready: 51 rows.
2026-07-01 11:06:15 | DEBUG   | Price: $58,644.30  |  Confidence: 0.2541  |  In Position: False
2026-07-01 11:06:15 | DEBUG   | Price: $58,644.31  |  Confidence: 0.2541  |  In Position: False
2026-07-01 11:07:13 | DEBUG   | Fetching 250 x 1m candles for BTC/USDT...
2026-07-01 11:07:14 | DEBUG   | Feature DataFrame ready: 51 rows.
2026-07-01 11:07:14 | DEBUG   | Price: $58,640.01  |  Confidence: 0.2541  |  In Position: True
2026-07-01 11:07:14 | DEBUG   | HOLDING  |  Entry: $58,412.01  |  Current: $58,640.01  |  Highest: $58,985.77  |  TS@$58,100.98  SL@$57,827.89
2026-07-01 11:07:15 | DEBUG   | Fetching 250 x 1m candles for BTC/USDT...
2026-07-01 11:07:15 | DEBUG   | Fetching 250 x 1m candles for BTC/USDT...
2026-07-01 11:07:16 | DEBUG   | Feature DataFrame ready: 51 rows.
2026-07-01 11:07:16 | DEBUG   | Feature DataFrame ready: 51 rows.
2026-07-01 11:07:16 | DEBUG   | Price: $58,640.01  |  Confidence: 0.2541  |  In Position: False
2026-07-01 11:07:16 | DEBUG   | Price: $58,640.01  |  Confidence: 0.2541  |  In Position: False
2026-07-01 11:08:14 | DEBUG   | Fetching 250 x 1m candles for BTC/USDT...
2026-07-01 11:08:15 | DEBUG   | Feature DataFrame ready: 51 rows.
2026-07-01 11:08:15 | DEBUG   | Price: $58,706.06  |  Confidence: 0.2715  |  In Position: True
2026-07-01 11:08:15 | DEBUG   | HOLDING  |  Entry: $58,412.01  |  Current: $58,706.06  |  Highest: $58,985.77  |  TS@$58,100.98  SL@$57,827.89
2026-07-01 11:08:16 | DEBUG   | Fetching 250 x 1m candles for BTC/USDT...
2026-07-01 11:08:16 | DEBUG   | Fetching 250 x 1m candles for BTC/USDT...
2026-07-01 11:08:17 | DEBUG   | Feature DataFrame ready: 51 rows.
2026-07-01 11:08:17 | DEBUG   | Feature DataFrame ready: 51 rows.
2026-07-01 11:08:17 | DEBUG   | Price: $58,706.55  |  Confidence: 0.2715  |  In Position: False
2026-07-01 11:08:17 | DEBUG   | Price: $58,706.55  |  Confidence: 0.2715  |  In Position: False
2026-07-01 11:09:15 | DEBUG   | Fetching 250 x 1m candles for BTC/USDT...
2026-07-01 11:09:16 | DEBUG   | Feature DataFrame ready: 51 rows.
2026-07-01 11:09:16 | DEBUG   | Price: $58,662.32  |  Confidence: 0.2592  |  In Position: True
2026-07-01 11:09:16 | DEBUG   | HOLDING  |  Entry: $58,412.01  |  Current: $58,662.32  |  Highest: $58,985.77  |  TS@$58,100.98  SL@$57,827.89
2026-07-01 11:09:17 | DEBUG   | Fetching 250 x 1m candles for BTC/USDT...
2026-07-01 11:09:17 | DEBUG   | Fetching 250 x 1m candles for BTC/USDT...
2026-07-01 11:09:18 | DEBUG   | Feature DataFrame ready: 51 rows.
2026-07-01 11:09:18 | DEBUG   | Price: $58,659.65  |  Confidence: 0.2592  |  In Position: False
2026-07-01 11:09:19 | DEBUG   | Feature DataFrame ready: 51 rows.
2026-07-01 11:09:19 | DEBUG   | Price: $58,659.65  |  Confidence: 0.2592  |  In Position: False
2026-07-01 11:10:16 | DEBUG   | Fetching 250 x 1m candles for BTC/USDT...
2026-07-01 11:10:17 | DEBUG   | Feature DataFrame ready: 51 rows.
2026-07-01 11:10:17 | DEBUG   | Price: $58,657.82  |  Confidence: 0.2562  |  In Position: True
2026-07-01 11:10:17 | DEBUG   | HOLDING  |  Entry: $58,412.01  |  Current: $58,657.82  |  Highest: $58,985.77  |  TS@$58,100.98  SL@$57,827.89
2026-07-01 11:10:18 | DEBUG   | Fetching 250 x 1m candles for BTC/USDT...
2026-07-01 11:10:19 | DEBUG   | Fetching 250 x 1m candles for BTC/USDT...
2026-07-01 11:10:19 | DEBUG   | Feature DataFrame ready: 51 rows.
2026-07-01 11:10:19 | DEBUG   | Price: $58,657.83  |  Confidence: 0.2562  |  In Position: False
2026-07-01 11:10:20 | DEBUG   | Feature DataFrame ready: 51 rows.
2026-07-01 11:10:20 | DEBUG   | Price: $58,657.83  |  Confidence: 0.2562  |  In Position: False
2026-07-01 11:11:17 | DEBUG   | Fetching 250 x 1m candles for BTC/USDT...
2026-07-01 11:11:19 | DEBUG   | Feature DataFrame ready: 51 rows.
2026-07-01 11:11:19 | DEBUG   | Price: $58,685.99  |  Confidence: 0.2695  |  In Position: True
2026-07-01 11:11:19 | DEBUG   | HOLDING  |  Entry: $58,412.01  |  Current: $58,685.99  |  Highest: $58,985.77  |  TS@$58,100.98  SL@$57,827.89
2026-07-01 11:11:19 | DEBUG   | Fetching 250 x 1m candles for BTC/USDT...
2026-07-01 11:11:20 | DEBUG   | Fetching 250 x 1m candles for BTC/USDT...
2026-07-01 11:11:21 | DEBUG   | Feature DataFrame ready: 51 rows.
2026-07-01 11:11:21 | DEBUG   | Feature DataFrame ready: 51 rows.
2026-07-01 11:11:21 | DEBUG   | Price: $58,685.99  |  Confidence: 0.2695  |  In Position: False
2026-07-01 11:11:21 | DEBUG   | Price: $58,685.99  |  Confidence: 0.2695  |  In Position: False
2026-07-01 11:12:19 | DEBUG   | Fetching 250 x 1m candles for BTC/USDT...
2026-07-01 11:12:21 | DEBUG   | Fetching 250 x 1m candles for BTC/USDT...
2026-07-01 11:12:21 | DEBUG   | Fetching 250 x 1m candles for BTC/USDT...
2026-07-01 11:12:21 | DEBUG   | Feature DataFrame ready: 51 rows.
2026-07-01 11:12:21 | DEBUG   | Price: $58,727.68  |  Confidence: 0.2800  |  In Position: True
2026-07-01 11:12:21 | DEBUG   | HOLDING  |  Entry: $58,412.01  |  Current: $58,727.68  |  Highest: $58,985.77  |  TS@$58,100.98  SL@$57,827.89
2026-07-01 11:12:22 | DEBUG   | Feature DataFrame ready: 51 rows.
2026-07-01 11:12:22 | DEBUG   | Feature DataFrame ready: 51 rows.
2026-07-01 11:12:22 | DEBUG   | Price: $58,727.67  |  Confidence: 0.2800  |  In Position: False
2026-07-01 11:12:22 | DEBUG   | Price: $58,727.67  |  Confidence: 0.2800  |  In Position: False
2026-07-01 11:13:21 | DEBUG   | Fetching 250 x 1m candles for BTC/USDT...
2026-07-01 11:13:22 | DEBUG   | Fetching 250 x 1m candles for BTC/USDT...
2026-07-01 11:13:22 | DEBUG   | Fetching 250 x 1m candles for BTC/USDT...
2026-07-01 11:13:22 | DEBUG   | Feature DataFrame ready: 51 rows.
2026-07-01 11:13:22 | DEBUG   | Price: $58,695.89  |  Confidence: 0.2786  |  In Position: True
2026-07-01 11:13:22 | DEBUG   | HOLDING  |  Entry: $58,412.01  |  Current: $58,695.89  |  Highest: $58,985.77  |  TS@$58,100.98  SL@$57,827.89
2026-07-01 11:13:23 | DEBUG   | Feature DataFrame ready: 51 rows.
2026-07-01 11:13:23 | DEBUG   | Feature DataFrame ready: 51 rows.
2026-07-01 11:13:23 | DEBUG   | Price: $58,695.89  |  Confidence: 0.2786  |  In Position: False
2026-07-01 11:13:23 | DEBUG   | Price: $58,695.89  |  Confidence: 0.2786  |  In Position: False
2026-07-01 11:14:22 | DEBUG   | Fetching 250 x 1m candles for BTC/USDT...
2026-07-01 11:14:23 | DEBUG   | Fetching 250 x 1m candles for BTC/USDT...
2026-07-01 11:14:23 | DEBUG   | Fetching 250 x 1m candles for BTC/USDT...
2026-07-01 11:14:24 | DEBUG   | Feature DataFrame ready: 51 rows.
2026-07-01 11:14:24 | DEBUG   | Feature DataFrame ready: 51 rows.
2026-07-01 11:14:24 | DEBUG   | Price: $58,716.00  |  Confidence: 0.2730  |  In Position: True
2026-07-01 11:14:24 | DEBUG   | HOLDING  |  Entry: $58,412.01  |  Current: $58,716.00  |  Highest: $58,985.77  |  TS@$58,100.98  SL@$57,827.89
2026-07-01 11:14:24 | DEBUG   | Price: $58,716.01  |  Confidence: 0.2730  |  In Position: False
2026-07-01 11:14:25 | DEBUG   | Feature DataFrame ready: 51 rows.
2026-07-01 11:14:25 | DEBUG   | Price: $58,716.01  |  Confidence: 0.2730  |  In Position: False
2026-07-01 11:15:24 | DEBUG   | Fetching 250 x 1m candles for BTC/USDT...
2026-07-01 11:15:24 | DEBUG   | Fetching 250 x 1m candles for BTC/USDT...
2026-07-01 11:15:25 | DEBUG   | Fetching 250 x 1m candles for BTC/USDT...
2026-07-01 11:15:25 | DEBUG   | Feature DataFrame ready: 51 rows.
2026-07-01 11:15:25 | DEBUG   | Feature DataFrame ready: 51 rows.
2026-07-01 11:15:25 | DEBUG   | Price: $58,705.70  |  Confidence: 0.2787  |  In Position: True
2026-07-01 11:15:25 | DEBUG   | HOLDING  |  Entry: $58,412.01  |  Current: $58,705.70  |  Highest: $58,985.77  |  TS@$58,100.98  SL@$57,827.89
2026-07-01 11:15:25 | DEBUG   | Price: $58,705.70  |  Confidence: 0.2787  |  In Position: False
2026-07-01 11:15:25 | DEBUG   | Feature DataFrame ready: 51 rows.
2026-07-01 11:15:25 | DEBUG   | Price: $58,705.70  |  Confidence: 0.2787  |  In Position: False
2026-07-01 11:16:25 | DEBUG   | Fetching 250 x 1m candles for BTC/USDT...
2026-07-01 11:16:25 | DEBUG   | Fetching 250 x 1m candles for BTC/USDT...
2026-07-01 11:16:25 | DEBUG   | Fetching 250 x 1m candles for BTC/USDT...
2026-07-01 11:16:26 | DEBUG   | Feature DataFrame ready: 51 rows.
2026-07-01 11:16:26 | DEBUG   | Price: $58,710.01  |  Confidence: 0.2703  |  In Position: False
2026-07-01 11:16:26 | DEBUG   | Feature DataFrame ready: 51 rows.
2026-07-01 11:16:26 | DEBUG   | Feature DataFrame ready: 51 rows.
2026-07-01 11:16:27 | DEBUG   | Price: $58,710.01  |  Confidence: 0.2703  |  In Position: False
2026-07-01 11:16:27 | DEBUG   | Price: $58,710.01  |  Confidence: 0.2703  |  In Position: True
2026-07-01 11:16:27 | DEBUG   | HOLDING  |  Entry: $58,412.01  |  Current: $58,710.01  |  Highest: $58,985.77  |  TS@$58,100.98  SL@$57,827.89
2026-07-01 11:17:26 | DEBUG   | Fetching 250 x 1m candles for BTC/USDT...
2026-07-01 11:17:27 | DEBUG   | Fetching 250 x 1m candles for BTC/USDT...
2026-07-01 11:17:27 | DEBUG   | Fetching 250 x 1m candles for BTC/USDT...
2026-07-01 11:17:28 | DEBUG   | Feature DataFrame ready: 51 rows.
2026-07-01 11:17:28 | DEBUG   | Feature DataFrame ready: 51 rows.
2026-07-01 11:17:28 | DEBUG   | Feature DataFrame ready: 51 rows.
2026-07-01 11:17:28 | DEBUG   | Price: $58,678.58  |  Confidence: 0.2580  |  In Position: True
2026-07-01 11:17:28 | DEBUG   | HOLDING  |  Entry: $58,412.01  |  Current: $58,678.58  |  Highest: $58,985.77  |  TS@$58,100.98  SL@$57,827.89
2026-07-01 11:17:28 | DEBUG   | Price: $58,678.58  |  Confidence: 0.2580  |  In Position: False
2026-07-01 11:17:28 | DEBUG   | Price: $58,678.58  |  Confidence: 0.2580  |  In Position: False
2026-07-01 11:18:28 | DEBUG   | Fetching 250 x 1m candles for BTC/USDT...
2026-07-01 11:18:28 | DEBUG   | Fetching 250 x 1m candles for BTC/USDT...
2026-07-01 11:18:28 | DEBUG   | Fetching 250 x 1m candles for BTC/USDT...
2026-07-01 11:18:28 | DEBUG   | Feature DataFrame ready: 51 rows.
2026-07-01 11:18:28 | DEBUG   | Price: $58,694.34  |  Confidence: 0.2691  |  In Position: True
2026-07-01 11:18:28 | DEBUG   | HOLDING  |  Entry: $58,412.01  |  Current: $58,694.34  |  Highest: $58,985.77  |  TS@$58,100.98  SL@$57,827.89
2026-07-01 11:18:29 | DEBUG   | Feature DataFrame ready: 51 rows.
2026-07-01 11:18:29 | DEBUG   | Feature DataFrame ready: 51 rows.
2026-07-01 11:18:29 | DEBUG   | Price: $58,694.34  |  Confidence: 0.2691  |  In Position: False
2026-07-01 11:18:29 | DEBUG   | Price: $58,694.34  |  Confidence: 0.2691  |  In Position: False
2026-07-01 11:19:28 | DEBUG   | Fetching 250 x 1m candles for BTC/USDT...
2026-07-01 11:19:29 | DEBUG   | Fetching 250 x 1m candles for BTC/USDT...
2026-07-01 11:19:29 | DEBUG   | Fetching 250 x 1m candles for BTC/USDT...
2026-07-01 11:19:29 | DEBUG   | Feature DataFrame ready: 51 rows.
2026-07-01 11:19:29 | DEBUG   | Price: $58,738.50  |  Confidence: 0.2877  |  In Position: True
2026-07-01 11:19:29 | DEBUG   | HOLDING  |  Entry: $58,412.01  |  Current: $58,738.50  |  Highest: $58,985.77  |  TS@$58,100.98  SL@$57,827.89
2026-07-01 11:19:30 | DEBUG   | Feature DataFrame ready: 51 rows.
2026-07-01 11:19:30 | DEBUG   | Feature DataFrame ready: 51 rows.
2026-07-01 11:19:30 | DEBUG   | Price: $58,738.50  |  Confidence: 0.2877  |  In Position: False
2026-07-01 11:19:30 | DEBUG   | Price: $58,738.50  |  Confidence: 0.2877  |  In Position: False
2026-07-01 11:20:29 | DEBUG   | Fetching 250 x 1m candles for BTC/USDT...
2026-07-01 11:20:30 | DEBUG   | Fetching 250 x 1m candles for BTC/USDT...
2026-07-01 11:20:30 | DEBUG   | Fetching 250 x 1m candles for BTC/USDT...
2026-07-01 11:20:31 | DEBUG   | Feature DataFrame ready: 51 rows.
2026-07-01 11:20:31 | DEBUG   | Price: $58,700.53  |  Confidence: 0.2696  |  In Position: True
2026-07-01 11:20:31 | DEBUG   | HOLDING  |  Entry: $58,412.01  |  Current: $58,700.53  |  Highest: $58,985.77  |  TS@$58,100.98  SL@$57,827.89
2026-07-01 11:20:31 | DEBUG   | Feature DataFrame ready: 51 rows.
2026-07-01 11:20:31 | DEBUG   | Price: $58,700.53  |  Confidence: 0.2696  |  In Position: False
2026-07-01 11:20:31 | DEBUG   | Feature DataFrame ready: 51 rows.
2026-07-01 11:20:31 | DEBUG   | Price: $58,703.99  |  Confidence: 0.2712  |  In Position: False
2026-07-01 11:21:31 | DEBUG   | Fetching 250 x 1m candles for BTC/USDT...
2026-07-01 11:21:31 | DEBUG   | Fetching 250 x 1m candles for BTC/USDT...
2026-07-01 11:21:31 | DEBUG   | Fetching 250 x 1m candles for BTC/USDT...
2026-07-01 11:21:32 | DEBUG   | Feature DataFrame ready: 51 rows.
2026-07-01 11:21:32 | DEBUG   | Feature DataFrame ready: 51 rows.
2026-07-01 11:21:32 | DEBUG   | Price: $58,698.68  |  Confidence: 0.2565  |  In Position: True
2026-07-01 11:21:32 | DEBUG   | HOLDING  |  Entry: $58,412.01  |  Current: $58,698.68  |  Highest: $58,985.77  |  TS@$58,100.98  SL@$57,827.89
2026-07-01 11:21:32 | DEBUG   | Price: $58,698.53  |  Confidence: 0.2565  |  In Position: False
2026-07-01 11:21:33 | DEBUG   | Feature DataFrame ready: 51 rows.
2026-07-01 11:21:33 | DEBUG   | Price: $58,698.53  |  Confidence: 0.2565  |  In Position: False
2026-07-01 11:22:32 | DEBUG   | Fetching 250 x 1m candles for BTC/USDT...
2026-07-01 11:22:32 | DEBUG   | Fetching 250 x 1m candles for BTC/USDT...
2026-07-01 11:22:33 | DEBUG   | Fetching 250 x 1m candles for BTC/USDT...
2026-07-01 11:22:33 | DEBUG   | Feature DataFrame ready: 51 rows.
2026-07-01 11:22:33 | DEBUG   | Price: $58,706.67  |  Confidence: 0.2267  |  In Position: True
2026-07-01 11:22:33 | DEBUG   | HOLDING  |  Entry: $58,412.01  |  Current: $58,706.67  |  Highest: $58,985.77  |  TS@$58,100.98  SL@$57,827.89
2026-07-01 11:22:34 | DEBUG   | Feature DataFrame ready: 51 rows.
2026-07-01 11:22:34 | DEBUG   | Feature DataFrame ready: 51 rows.
2026-07-01 11:22:34 | DEBUG   | Price: $58,706.67  |  Confidence: 0.2267  |  In Position: False
2026-07-01 11:22:34 | DEBUG   | Price: $58,706.67  |  Confidence: 0.2267  |  In Position: False
2026-07-01 11:23:33 | DEBUG   | Fetching 250 x 1m candles for BTC/USDT...
2026-07-01 11:23:34 | DEBUG   | Fetching 250 x 1m candles for BTC/USDT...
2026-07-01 11:23:34 | DEBUG   | Fetching 250 x 1m candles for BTC/USDT...
2026-07-01 11:23:35 | DEBUG   | Feature DataFrame ready: 51 rows.
2026-07-01 11:23:35 | DEBUG   | Feature DataFrame ready: 51 rows.
2026-07-01 11:23:35 | DEBUG   | Feature DataFrame ready: 51 rows.
2026-07-01 11:23:35 | DEBUG   | Price: $58,709.98  |  Confidence: 0.2218  |  In Position: False
2026-07-01 11:23:35 | DEBUG   | Price: $58,709.98  |  Confidence: 0.2218  |  In Position: True
2026-07-01 11:23:35 | DEBUG   | HOLDING  |  Entry: $58,412.01  |  Current: $58,709.98  |  Highest: $58,985.77  |  TS@$58,100.98  SL@$57,827.89
2026-07-01 11:23:35 | DEBUG   | Price: $58,709.98  |  Confidence: 0.2218  |  In Position: False
2026-07-01 11:24:35 | DEBUG   | Fetching 250 x 1m candles for BTC/USDT...
2026-07-01 11:24:35 | DEBUG   | Fetching 250 x 1m candles for BTC/USDT...
2026-07-01 11:24:35 | DEBUG   | Fetching 250 x 1m candles for BTC/USDT...
2026-07-01 11:24:36 | DEBUG   | Feature DataFrame ready: 51 rows.
2026-07-01 11:24:36 | DEBUG   | Price: $58,700.00  |  Confidence: 0.2058  |  In Position: False
2026-07-01 11:24:36 | DEBUG   | Feature DataFrame ready: 51 rows.
2026-07-01 11:24:36 | DEBUG   | Feature DataFrame ready: 51 rows.
2026-07-01 11:24:36 | DEBUG   | Price: $58,700.00  |  Confidence: 0.2058  |  In Position: True
2026-07-01 11:24:36 | DEBUG   | HOLDING  |  Entry: $58,412.01  |  Current: $58,700.00  |  Highest: $58,985.77  |  TS@$58,100.98  SL@$57,827.89
2026-07-01 11:24:36 | DEBUG   | Price: $58,700.00  |  Confidence: 0.2058  |  In Position: False
2026-07-01 11:25:36 | DEBUG   | Fetching 250 x 1m candles for BTC/USDT...
2026-07-01 11:25:36 | DEBUG   | Fetching 250 x 1m candles for BTC/USDT...
2026-07-01 11:25:36 | DEBUG   | Fetching 250 x 1m candles for BTC/USDT...
2026-07-01 11:25:36 | DEBUG   | Feature DataFrame ready: 51 rows.
2026-07-01 11:25:36 | DEBUG   | Price: $58,711.75  |  Confidence: 0.2106  |  In Position: False
2026-07-01 11:25:37 | DEBUG   | Feature DataFrame ready: 51 rows.
2026-07-01 11:25:37 | DEBUG   | Feature DataFrame ready: 51 rows.
2026-07-01 11:25:37 | DEBUG   | Price: $58,711.75  |  Confidence: 0.2106  |  In Position: True
2026-07-01 11:25:37 | DEBUG   | HOLDING  |  Entry: $58,412.01  |  Current: $58,711.75  |  Highest: $58,985.77  |  TS@$58,100.98  SL@$57,827.89
2026-07-01 11:25:37 | DEBUG   | Price: $58,711.75  |  Confidence: 0.2106  |  In Position: False
2026-07-01 11:26:36 | DEBUG   | Fetching 250 x 1m candles for BTC/USDT...
2026-07-01 11:26:37 | DEBUG   | Fetching 250 x 1m candles for BTC/USDT...
2026-07-01 11:26:37 | DEBUG   | Fetching 250 x 1m candles for BTC/USDT...
2026-07-01 11:26:38 | DEBUG   | Feature DataFrame ready: 51 rows.
2026-07-01 11:26:38 | DEBUG   | Price: $58,732.14  |  Confidence: 0.2895  |  In Position: False
2026-07-01 11:26:38 | DEBUG   | Feature DataFrame ready: 51 rows.
2026-07-01 11:26:38 | DEBUG   | Price: $58,732.14  |  Confidence: 0.2895  |  In Position: False
2026-07-01 11:26:38 | DEBUG   | Feature DataFrame ready: 51 rows.
2026-07-01 11:26:39 | DEBUG   | Price: $58,732.14  |  Confidence: 0.2895  |  In Position: True
2026-07-01 11:26:39 | DEBUG   | HOLDING  |  Entry: $58,412.01  |  Current: $58,732.14  |  Highest: $58,985.77  |  TS@$58,100.98  SL@$57,827.89
2026-07-01 11:27:38 | DEBUG   | Fetching 250 x 1m candles for BTC/USDT...
2026-07-01 11:27:38 | DEBUG   | Fetching 250 x 1m candles for BTC/USDT...
2026-07-01 11:27:39 | DEBUG   | Fetching 250 x 1m candles for BTC/USDT...
2026-07-01 11:27:39 | DEBUG   | Feature DataFrame ready: 51 rows.
2026-07-01 11:27:39 | DEBUG   | Feature DataFrame ready: 51 rows.
2026-07-01 11:27:39 | DEBUG   | Price: $58,721.06  |  Confidence: 0.2828  |  In Position: False
2026-07-01 11:27:39 | DEBUG   | Price: $58,721.06  |  Confidence: 0.2828  |  In Position: False
2026-07-01 11:27:39 | DEBUG   | Feature DataFrame ready: 51 rows.
2026-07-01 11:27:39 | DEBUG   | Price: $58,721.06  |  Confidence: 0.2828  |  In Position: True
2026-07-01 11:27:39 | DEBUG   | HOLDING  |  Entry: $58,412.01  |  Current: $58,721.06  |  Highest: $58,985.77  |  TS@$58,100.98  SL@$57,827.89
2026-07-01 11:28:39 | DEBUG   | Fetching 250 x 1m candles for BTC/USDT...
2026-07-01 11:28:39 | DEBUG   | Fetching 250 x 1m candles for BTC/USDT...
2026-07-01 11:28:39 | DEBUG   | Fetching 250 x 1m candles for BTC/USDT...
2026-07-01 11:28:40 | DEBUG   | Feature DataFrame ready: 51 rows.
2026-07-01 11:28:40 | DEBUG   | Feature DataFrame ready: 51 rows.
2026-07-01 11:28:40 | DEBUG   | Price: $58,710.01  |  Confidence: 0.2698  |  In Position: False
2026-07-01 11:28:40 | DEBUG   | Price: $58,710.01  |  Confidence: 0.2698  |  In Position: False
2026-07-01 11:28:40 | DEBUG   | Feature DataFrame ready: 51 rows.
2026-07-01 11:28:40 | DEBUG   | Price: $58,710.01  |  Confidence: 0.2698  |  In Position: True
2026-07-01 11:28:40 | DEBUG   | HOLDING  |  Entry: $58,412.01  |  Current: $58,710.01  |  Highest: $58,985.77  |  TS@$58,100.98  SL@$57,827.89
2026-07-01 11:29:40 | DEBUG   | Fetching 250 x 1m candles for BTC/USDT...
2026-07-01 11:29:40 | DEBUG   | Fetching 250 x 1m candles for BTC/USDT...
2026-07-01 11:29:40 | DEBUG   | Fetching 250 x 1m candles for BTC/USDT...
2026-07-01 11:29:43 | DEBUG   | Feature DataFrame ready: 51 rows.
2026-07-01 11:29:43 | DEBUG   | Price: $58,698.84  |  Confidence: 0.2647  |  In Position: False
2026-07-01 11:29:45 | DEBUG   | Feature DataFrame ready: 51 rows.
2026-07-01 11:29:45 | DEBUG   | Price: $58,698.84  |  Confidence: 0.2647  |  In Position: True
2026-07-01 11:29:45 | DEBUG   | HOLDING  |  Entry: $58,412.01  |  Current: $58,698.84  |  Highest: $58,985.77  |  TS@$58,100.98  SL@$57,827.89
2026-07-01 11:29:45 | DEBUG   | Feature DataFrame ready: 51 rows.
2026-07-01 11:29:45 | DEBUG   | Price: $58,698.84  |  Confidence: 0.2647  |  In Position: False
2026-07-01 11:30:43 | DEBUG   | Fetching 250 x 1m candles for BTC/USDT...
2026-07-01 11:30:43 | DEBUG   | Feature DataFrame ready: 51 rows.
2026-07-01 11:30:43 | DEBUG   | Price: $58,709.43  |  Confidence: 0.2691  |  In Position: False
2026-07-01 11:30:45 | DEBUG   | Fetching 250 x 1m candles for BTC/USDT...
2026-07-01 11:30:45 | DEBUG   | Fetching 250 x 1m candles for BTC/USDT...
2026-07-01 11:30:46 | DEBUG   | Feature DataFrame ready: 51 rows.
2026-07-01 11:30:46 | DEBUG   | Feature DataFrame ready: 51 rows.
2026-07-01 11:30:46 | DEBUG   | Price: $58,709.43  |  Confidence: 0.2691  |  In Position: False
2026-07-01 11:30:46 | DEBUG   | Price: $58,709.43  |  Confidence: 0.2691  |  In Position: True
2026-07-01 11:30:46 | DEBUG   | HOLDING  |  Entry: $58,412.01  |  Current: $58,709.43  |  Highest: $58,985.77  |  TS@$58,100.98  SL@$57,827.89
2026-07-01 11:31:43 | DEBUG   | Fetching 250 x 1m candles for BTC/USDT...
2026-07-01 11:31:44 | DEBUG   | Feature DataFrame ready: 51 rows.
2026-07-01 11:31:44 | DEBUG   | Price: $58,723.40  |  Confidence: 0.2796  |  In Position: False
2026-07-01 11:31:46 | DEBUG   | Fetching 250 x 1m candles for BTC/USDT...
2026-07-01 11:31:46 | DEBUG   | Fetching 250 x 1m candles for BTC/USDT...
2026-07-01 11:31:47 | DEBUG   | Feature DataFrame ready: 51 rows.
2026-07-01 11:31:47 | DEBUG   | Price: $58,723.40  |  Confidence: 0.2796  |  In Position: False
2026-07-01 11:31:47 | DEBUG   | Feature DataFrame ready: 51 rows.
2026-07-01 11:31:47 | DEBUG   | Price: $58,723.40  |  Confidence: 0.2796  |  In Position: True
2026-07-01 11:31:47 | DEBUG   | HOLDING  |  Entry: $58,412.01  |  Current: $58,723.40  |  Highest: $58,985.77  |  TS@$58,100.98  SL@$57,827.89
2026-07-01 11:32:44 | DEBUG   | Fetching 250 x 1m candles for BTC/USDT...
2026-07-01 11:32:45 | DEBUG   | Feature DataFrame ready: 51 rows.
2026-07-01 11:32:45 | DEBUG   | Price: $58,729.78  |  Confidence: 0.2712  |  In Position: False
2026-07-01 11:32:47 | DEBUG   | Fetching 250 x 1m candles for BTC/USDT...
2026-07-01 11:32:47 | DEBUG   | Fetching 250 x 1m candles for BTC/USDT...
2026-07-01 11:32:48 | DEBUG   | Feature DataFrame ready: 51 rows.
2026-07-01 11:32:48 | DEBUG   | Price: $58,704.33  |  Confidence: 0.2675  |  In Position: False
2026-07-01 11:32:49 | DEBUG   | Feature DataFrame ready: 51 rows.
2026-07-01 11:32:49 | DEBUG   | Price: $58,704.33  |  Confidence: 0.2675  |  In Position: True
2026-07-01 11:32:49 | DEBUG   | HOLDING  |  Entry: $58,412.01  |  Current: $58,704.33  |  Highest: $58,985.77  |  TS@$58,100.98  SL@$57,827.89
2026-07-01 11:33:45 | DEBUG   | Fetching 250 x 1m candles for BTC/USDT...
2026-07-01 11:33:47 | DEBUG   | Feature DataFrame ready: 51 rows.
2026-07-01 11:33:47 | DEBUG   | Price: $58,681.51  |  Confidence: 0.2538  |  In Position: False
2026-07-01 11:33:48 | DEBUG   | Fetching 250 x 1m candles for BTC/USDT...
2026-07-01 11:33:49 | DEBUG   | Fetching 250 x 1m candles for BTC/USDT...
2026-07-01 11:33:49 | DEBUG   | Feature DataFrame ready: 51 rows.
2026-07-01 11:33:49 | DEBUG   | Price: $58,681.51  |  Confidence: 0.2538  |  In Position: False
2026-07-01 11:33:50 | DEBUG   | Feature DataFrame ready: 51 rows.
2026-07-01 11:33:50 | DEBUG   | Price: $58,681.51  |  Confidence: 0.2538  |  In Position: True
2026-07-01 11:33:50 | DEBUG   | HOLDING  |  Entry: $58,412.01  |  Current: $58,681.51  |  Highest: $58,985.77  |  TS@$58,100.98  SL@$57,827.89
2026-07-01 11:34:47 | DEBUG   | Fetching 250 x 1m candles for BTC/USDT...
2026-07-01 11:34:48 | DEBUG   | Feature DataFrame ready: 51 rows.
2026-07-01 11:34:48 | DEBUG   | Price: $58,634.96  |  Confidence: 0.2507  |  In Position: False
2026-07-01 11:34:49 | DEBUG   | Fetching 250 x 1m candles for BTC/USDT...
2026-07-01 11:34:50 | DEBUG   | Feature DataFrame ready: 51 rows.
2026-07-01 11:34:50 | DEBUG   | Price: $58,634.96  |  Confidence: 0.2507  |  In Position: False
2026-07-01 11:34:50 | DEBUG   | Fetching 250 x 1m candles for BTC/USDT...
2026-07-01 11:34:51 | DEBUG   | Feature DataFrame ready: 51 rows.
2026-07-01 11:34:51 | DEBUG   | Price: $58,634.96  |  Confidence: 0.2507  |  In Position: True
2026-07-01 11:34:51 | DEBUG   | HOLDING  |  Entry: $58,412.01  |  Current: $58,634.96  |  Highest: $58,985.77  |  TS@$58,100.98  SL@$57,827.89
2026-07-01 11:35:48 | DEBUG   | Fetching 250 x 1m candles for BTC/USDT...
2026-07-01 11:35:49 | DEBUG   | Feature DataFrame ready: 51 rows.
2026-07-01 11:35:49 | DEBUG   | Price: $58,699.85  |  Confidence: 0.2675  |  In Position: False
2026-07-01 11:35:50 | DEBUG   | Fetching 250 x 1m candles for BTC/USDT...
2026-07-01 11:35:51 | DEBUG   | Feature DataFrame ready: 51 rows.
2026-07-01 11:35:51 | DEBUG   | Price: $58,699.85  |  Confidence: 0.2675  |  In Position: False
2026-07-01 11:35:51 | DEBUG   | Fetching 250 x 1m candles for BTC/USDT...
2026-07-01 11:35:52 | DEBUG   | Feature DataFrame ready: 51 rows.
2026-07-01 11:35:52 | DEBUG   | Price: $58,699.85  |  Confidence: 0.2675  |  In Position: True
2026-07-01 11:35:52 | DEBUG   | HOLDING  |  Entry: $58,412.01  |  Current: $58,699.85  |  Highest: $58,985.77  |  TS@$58,100.98  SL@$57,827.89
2026-07-01 11:36:49 | DEBUG   | Fetching 250 x 1m candles for BTC/USDT...
2026-07-01 11:36:50 | DEBUG   | Feature DataFrame ready: 51 rows.
2026-07-01 11:36:50 | DEBUG   | Price: $58,694.94  |  Confidence: 0.2607  |  In Position: False
2026-07-01 11:36:51 | DEBUG   | Fetching 250 x 1m candles for BTC/USDT...
2026-07-01 11:36:51 | DEBUG   | Feature DataFrame ready: 51 rows.
2026-07-01 11:36:52 | DEBUG   | Price: $58,694.94  |  Confidence: 0.2607  |  In Position: False
2026-07-01 11:36:52 | DEBUG   | Fetching 250 x 1m candles for BTC/USDT...
2026-07-01 11:36:53 | DEBUG   | Feature DataFrame ready: 51 rows.
2026-07-01 11:36:53 | DEBUG   | Price: $58,693.97  |  Confidence: 0.2589  |  In Position: True
2026-07-01 11:36:53 | DEBUG   | HOLDING  |  Entry: $58,412.01  |  Current: $58,693.97  |  Highest: $58,985.77  |  TS@$58,100.98  SL@$57,827.89
2026-07-01 11:37:50 | DEBUG   | Fetching 250 x 1m candles for BTC/USDT...
2026-07-01 11:37:52 | DEBUG   | Fetching 250 x 1m candles for BTC/USDT...
2026-07-01 11:37:52 | DEBUG   | Feature DataFrame ready: 51 rows.
2026-07-01 11:37:52 | DEBUG   | Price: $58,705.82  |  Confidence: 0.2675  |  In Position: False
2026-07-01 11:37:52 | DEBUG   | Feature DataFrame ready: 51 rows.
2026-07-01 11:37:53 | DEBUG   | Price: $58,705.82  |  Confidence: 0.2675  |  In Position: False
2026-07-01 11:37:53 | DEBUG   | Fetching 250 x 1m candles for BTC/USDT...
2026-07-01 11:37:54 | DEBUG   | Feature DataFrame ready: 51 rows.
2026-07-01 11:37:54 | DEBUG   | Price: $58,705.82  |  Confidence: 0.2675  |  In Position: True
2026-07-01 11:37:54 | DEBUG   | HOLDING  |  Entry: $58,412.01  |  Current: $58,705.82  |  Highest: $58,985.77  |  TS@$58,100.98  SL@$57,827.89
2026-07-01 11:38:52 | DEBUG   | Fetching 250 x 1m candles for BTC/USDT...
2026-07-01 11:38:53 | DEBUG   | Fetching 250 x 1m candles for BTC/USDT...
2026-07-01 11:38:53 | DEBUG   | Feature DataFrame ready: 51 rows.
2026-07-01 11:38:53 | DEBUG   | Price: $58,705.01  |  Confidence: 0.2675  |  In Position: False
2026-07-01 11:38:53 | DEBUG   | Feature DataFrame ready: 51 rows.
2026-07-01 11:38:53 | DEBUG   | Price: $58,705.01  |  Confidence: 0.2675  |  In Position: False
2026-07-01 11:38:54 | DEBUG   | Fetching 250 x 1m candles for BTC/USDT...
2026-07-01 11:38:55 | DEBUG   | Feature DataFrame ready: 51 rows.
2026-07-01 11:38:55 | DEBUG   | Price: $58,705.01  |  Confidence: 0.2675  |  In Position: True
2026-07-01 11:38:55 | DEBUG   | HOLDING  |  Entry: $58,412.01  |  Current: $58,705.01  |  Highest: $58,985.77  |  TS@$58,100.98  SL@$57,827.89
2026-07-01 11:39:53 | DEBUG   | Fetching 250 x 1m candles for BTC/USDT...
2026-07-01 11:39:53 | DEBUG   | Fetching 250 x 1m candles for BTC/USDT...
2026-07-01 11:39:54 | DEBUG   | Feature DataFrame ready: 51 rows.
2026-07-01 11:39:54 | DEBUG   | Price: $58,655.64  |  Confidence: 0.2333  |  In Position: False
2026-07-01 11:39:54 | DEBUG   | Feature DataFrame ready: 51 rows.
2026-07-01 11:39:54 | DEBUG   | Price: $58,655.64  |  Confidence: 0.2333  |  In Position: False
2026-07-01 11:39:55 | DEBUG   | Fetching 250 x 1m candles for BTC/USDT...
2026-07-01 11:39:55 | DEBUG   | Feature DataFrame ready: 51 rows.
2026-07-01 11:39:56 | DEBUG   | Price: $58,655.64  |  Confidence: 0.2333  |  In Position: True
2026-07-01 11:39:56 | DEBUG   | HOLDING  |  Entry: $58,412.01  |  Current: $58,655.64  |  Highest: $58,985.77  |  TS@$58,100.98  SL@$57,827.89
2026-07-01 11:40:54 | DEBUG   | Fetching 250 x 1m candles for BTC/USDT...
2026-07-01 11:40:54 | DEBUG   | Fetching 250 x 1m candles for BTC/USDT...
2026-07-01 11:40:55 | DEBUG   | Feature DataFrame ready: 51 rows.
2026-07-01 11:40:55 | DEBUG   | Price: $58,655.05  |  Confidence: 0.2145  |  In Position: False
2026-07-01 11:40:56 | DEBUG   | Fetching 250 x 1m candles for BTC/USDT...
2026-07-01 11:40:56 | DEBUG   | Feature DataFrame ready: 51 rows.
2026-07-01 11:40:56 | DEBUG   | Price: $58,655.05  |  Confidence: 0.2145  |  In Position: False
2026-07-01 11:40:56 | DEBUG   | Feature DataFrame ready: 51 rows.
2026-07-01 11:40:56 | DEBUG   | Price: $58,655.05  |  Confidence: 0.2145  |  In Position: True
2026-07-01 11:40:56 | DEBUG   | HOLDING  |  Entry: $58,412.01  |  Current: $58,655.05  |  Highest: $58,985.77  |  TS@$58,100.98  SL@$57,827.89
2026-07-01 11:41:55 | DEBUG   | Fetching 250 x 1m candles for BTC/USDT...
2026-07-01 11:41:56 | DEBUG   | Fetching 250 x 1m candles for BTC/USDT...
2026-07-01 11:41:56 | DEBUG   | Fetching 250 x 1m candles for BTC/USDT...
2026-07-01 11:42:05 | ERROR   | Network error: binance GET https://testnet.binance.vision/api/v3/klines?interval=1m&limit=250&symbol=BTCUSDT. Retrying in 60s...
2026-07-01 11:42:06 | ERROR   | Network error: binance GET https://testnet.binance.vision/api/v3/klines?interval=1m&limit=250&symbol=BTCUSDT. Retrying in 60s...
2026-07-01 11:42:06 | ERROR   | Network error: binance GET https://testnet.binance.vision/api/v3/klines?interval=1m&limit=250&symbol=BTCUSDT. Retrying in 60s...
2026-07-01 11:43:05 | DEBUG   | Fetching 250 x 1m candles for BTC/USDT...
2026-07-01 11:43:06 | DEBUG   | Fetching 250 x 1m candles for BTC/USDT...
2026-07-01 11:43:06 | DEBUG   | Feature DataFrame ready: 51 rows.
2026-07-01 11:43:06 | DEBUG   | Fetching 250 x 1m candles for BTC/USDT...
2026-07-01 11:43:07 | DEBUG   | Price: $58,666.67  |  Confidence: 0.2022  |  In Position: False
2026-07-01 11:43:07 | DEBUG   | Feature DataFrame ready: 51 rows.
2026-07-01 11:43:07 | DEBUG   | Price: $58,666.67  |  Confidence: 0.2022  |  In Position: False
2026-07-01 11:43:07 | DEBUG   | Feature DataFrame ready: 51 rows.
2026-07-01 11:43:07 | DEBUG   | Price: $58,666.67  |  Confidence: 0.2022  |  In Position: True
2026-07-01 11:43:07 | DEBUG   | HOLDING  |  Entry: $58,412.01  |  Current: $58,666.67  |  Highest: $58,985.77  |  TS@$58,100.98  SL@$57,827.89
2026-07-01 11:44:07 | DEBUG   | Fetching 250 x 1m candles for BTC/USDT...
2026-07-01 11:44:07 | DEBUG   | Fetching 250 x 1m candles for BTC/USDT...
2026-07-01 11:44:07 | DEBUG   | Fetching 250 x 1m candles for BTC/USDT...
2026-07-01 11:44:08 | DEBUG   | Feature DataFrame ready: 51 rows.
2026-07-01 11:44:08 | DEBUG   | Price: $58,643.32  |  Confidence: 0.2020  |  In Position: False
2026-07-01 11:44:08 | DEBUG   | Feature DataFrame ready: 51 rows.
2026-07-01 11:44:08 | DEBUG   | Price: $58,643.32  |  Confidence: 0.2020  |  In Position: False
2026-07-01 11:44:09 | DEBUG   | Feature DataFrame ready: 51 rows.
2026-07-01 11:44:09 | DEBUG   | Price: $58,643.32  |  Confidence: 0.2020  |  In Position: True
2026-07-01 11:44:09 | DEBUG   | HOLDING  |  Entry: $58,412.01  |  Current: $58,643.32  |  Highest: $58,985.77  |  TS@$58,100.98  SL@$57,827.89
2026-07-01 11:45:08 | DEBUG   | Fetching 250 x 1m candles for BTC/USDT...
2026-07-01 11:45:08 | DEBUG   | Fetching 250 x 1m candles for BTC/USDT...
2026-07-01 11:45:09 | DEBUG   | Fetching 250 x 1m candles for BTC/USDT...
2026-07-01 11:45:09 | DEBUG   | Feature DataFrame ready: 51 rows.
2026-07-01 11:45:09 | DEBUG   | Price: $58,672.00  |  Confidence: 0.2017  |  In Position: False
2026-07-01 11:45:12 | DEBUG   | Feature DataFrame ready: 51 rows.
2026-07-01 11:45:12 | DEBUG   | Price: $58,672.00  |  Confidence: 0.2017  |  In Position: True
2026-07-01 11:45:12 | DEBUG   | HOLDING  |  Entry: $58,412.01  |  Current: $58,672.00  |  Highest: $58,985.77  |  TS@$58,100.98  SL@$57,827.89
2026-07-01 11:45:13 | DEBUG   | Feature DataFrame ready: 51 rows.
2026-07-01 11:45:13 | DEBUG   | Price: $58,672.00  |  Confidence: 0.2017  |  In Position: False
2026-07-01 11:46:09 | DEBUG   | Fetching 250 x 1m candles for BTC/USDT...
2026-07-01 11:46:10 | DEBUG   | Feature DataFrame ready: 51 rows.
2026-07-01 11:46:10 | DEBUG   | Price: $58,684.01  |  Confidence: 0.2002  |  In Position: False
2026-07-01 11:46:12 | DEBUG   | Fetching 250 x 1m candles for BTC/USDT...
2026-07-01 11:46:12 | DEBUG   | Feature DataFrame ready: 51 rows.
2026-07-01 11:46:12 | DEBUG   | Price: $58,684.01  |  Confidence: 0.2002  |  In Position: True
2026-07-01 11:46:12 | DEBUG   | HOLDING  |  Entry: $58,412.01  |  Current: $58,684.01  |  Highest: $58,985.77  |  TS@$58,100.98  SL@$57,827.89
2026-07-01 11:46:13 | DEBUG   | Fetching 250 x 1m candles for BTC/USDT...
2026-07-01 11:46:13 | DEBUG   | Feature DataFrame ready: 51 rows.
2026-07-01 11:46:13 | DEBUG   | Price: $58,684.01  |  Confidence: 0.2002  |  In Position: False
2026-07-01 11:47:10 | DEBUG   | Fetching 250 x 1m candles for BTC/USDT...
2026-07-01 11:47:11 | DEBUG   | Feature DataFrame ready: 51 rows.
2026-07-01 11:47:11 | DEBUG   | Price: $58,697.07  |  Confidence: 0.2002  |  In Position: False
2026-07-01 11:47:12 | DEBUG   | Fetching 250 x 1m candles for BTC/USDT...
2026-07-01 11:47:13 | DEBUG   | Feature DataFrame ready: 51 rows.
2026-07-01 11:47:13 | DEBUG   | Price: $58,697.07  |  Confidence: 0.2002  |  In Position: True
2026-07-01 11:47:13 | DEBUG   | HOLDING  |  Entry: $58,412.01  |  Current: $58,697.07  |  Highest: $58,985.77  |  TS@$58,100.98  SL@$57,827.89
2026-07-01 11:47:13 | DEBUG   | Fetching 250 x 1m candles for BTC/USDT...
2026-07-01 11:47:14 | DEBUG   | Feature DataFrame ready: 51 rows.
2026-07-01 11:47:14 | DEBUG   | Price: $58,697.07  |  Confidence: 0.2002  |  In Position: False
2026-07-01 11:48:11 | DEBUG   | Fetching 250 x 1m candles for BTC/USDT...
2026-07-01 11:48:12 | DEBUG   | Feature DataFrame ready: 51 rows.
2026-07-01 11:48:12 | DEBUG   | Price: $58,681.49  |  Confidence: 0.1883  |  In Position: False
2026-07-01 11:48:13 | DEBUG   | Fetching 250 x 1m candles for BTC/USDT...
2026-07-01 11:48:14 | DEBUG   | Feature DataFrame ready: 51 rows.
2026-07-01 11:48:14 | DEBUG   | Price: $58,681.49  |  Confidence: 0.1883  |  In Position: True
2026-07-01 11:48:14 | DEBUG   | HOLDING  |  Entry: $58,412.01  |  Current: $58,681.49  |  Highest: $58,985.77  |  TS@$58,100.98  SL@$57,827.89
2026-07-01 11:48:14 | DEBUG   | Fetching 250 x 1m candles for BTC/USDT...
2026-07-01 11:48:15 | DEBUG   | Feature DataFrame ready: 51 rows.
2026-07-01 11:48:15 | DEBUG   | Price: $58,681.49  |  Confidence: 0.1883  |  In Position: False
2026-07-01 11:53:25 | DEBUG   | Fetching 250 x 1m candles for BTC/USDT...
2026-07-01 12:00:22 | DEBUG   | Fetching 250 x 1m candles for BTC/USDT...
2026-07-01 12:00:22 | DEBUG   | Fetching 250 x 1m candles for BTC/USDT...
2026-07-01 12:00:28 | ERROR   | Network error: binance GET https://testnet.binance.vision/api/v3/klines?interval=1m&limit=250&symbol=BTCUSDT. Retrying in 60s...
2026-07-01 12:00:32 | ERROR   | Network error: binance GET https://testnet.binance.vision/api/v3/klines?interval=1m&limit=250&symbol=BTCUSDT. Retrying in 60s...
2026-07-01 12:00:32 | ERROR   | Network error: binance GET https://testnet.binance.vision/api/v3/klines?interval=1m&limit=250&symbol=BTCUSDT. Retrying in 60s...
2026-07-01 12:01:28 | DEBUG   | Fetching 250 x 1m candles for BTC/USDT...
2026-07-01 12:01:30 | DEBUG   | Feature DataFrame ready: 51 rows.
2026-07-01 12:01:30 | DEBUG   | Price: $58,611.46  |  Confidence: 0.2484  |  In Position: False
2026-07-01 12:01:32 | DEBUG   | Fetching 250 x 1m candles for BTC/USDT...
2026-07-01 12:01:32 | DEBUG   | Fetching 250 x 1m candles for BTC/USDT...
2026-07-01 12:01:33 | DEBUG   | Feature DataFrame ready: 51 rows.
2026-07-01 12:01:33 | DEBUG   | Feature DataFrame ready: 51 rows.
2026-07-01 12:01:33 | DEBUG   | Price: $58,611.46  |  Confidence: 0.2484  |  In Position: False
2026-07-01 12:01:33 | DEBUG   | Price: $58,611.46  |  Confidence: 0.2484  |  In Position: True
2026-07-01 12:01:33 | DEBUG   | HOLDING  |  Entry: $58,412.01  |  Current: $58,611.46  |  Highest: $58,985.77  |  TS@$58,100.98  SL@$57,827.89
2026-07-01 12:02:30 | DEBUG   | Fetching 250 x 1m candles for BTC/USDT...
2026-07-01 12:02:33 | DEBUG   | Fetching 250 x 1m candles for BTC/USDT...
2026-07-01 12:02:33 | DEBUG   | Fetching 250 x 1m candles for BTC/USDT...
2026-07-01 12:02:38 | DEBUG   | Feature DataFrame ready: 51 rows.
2026-07-01 12:02:38 | DEBUG   | Feature DataFrame ready: 51 rows.
2026-07-01 12:02:38 | DEBUG   | Price: $58,576.01  |  Confidence: 0.2518  |  In Position: False
2026-07-01 12:02:38 | DEBUG   | Price: $58,576.01  |  Confidence: 0.2518  |  In Position: True
2026-07-01 12:02:38 | DEBUG   | HOLDING  |  Entry: $58,412.01  |  Current: $58,576.01  |  Highest: $58,985.77  |  TS@$58,100.98  SL@$57,827.89
2026-07-01 12:02:38 | DEBUG   | Feature DataFrame ready: 51 rows.
2026-07-01 12:02:39 | DEBUG   | Price: $58,576.01  |  Confidence: 0.2518  |  In Position: False
2026-07-01 12:03:38 | DEBUG   | Fetching 250 x 1m candles for BTC/USDT...
2026-07-01 12:03:38 | DEBUG   | Fetching 250 x 1m candles for BTC/USDT...
2026-07-01 12:03:39 | DEBUG   | Fetching 250 x 1m candles for BTC/USDT...
2026-07-01 12:03:48 | ERROR   | Network error: binance GET https://testnet.binance.vision/api/v3/klines?interval=1m&limit=250&symbol=BTCUSDT. Retrying in 60s...
2026-07-01 12:03:48 | ERROR   | Network error: binance GET https://testnet.binance.vision/api/v3/klines?interval=1m&limit=250&symbol=BTCUSDT. Retrying in 60s...
2026-07-01 12:03:49 | ERROR   | Network error: binance GET https://testnet.binance.vision/api/v3/klines?interval=1m&limit=250&symbol=BTCUSDT. Retrying in 60s...
2026-07-01 12:10:43 | DEBUG   | Fetching 250 x 1m candles for BTC/USDT...
2026-07-01 12:10:43 | DEBUG   | Fetching 250 x 1m candles for BTC/USDT...
2026-07-01 12:10:44 | DEBUG   | Fetching 250 x 1m candles for BTC/USDT...
2026-07-01 12:10:44 | DEBUG   | Feature DataFrame ready: 51 rows.
2026-07-01 12:10:44 | DEBUG   | Feature DataFrame ready: 51 rows.
2026-07-01 12:10:44 | DEBUG   | Price: $58,586.40  |  Confidence: 0.2627  |  In Position: True
2026-07-01 12:10:44 | DEBUG   | HOLDING  |  Entry: $58,412.01  |  Current: $58,586.40  |  Highest: $58,985.77  |  TS@$58,100.98  SL@$57,827.89
2026-07-01 12:10:44 | DEBUG   | Price: $58,586.40  |  Confidence: 0.2627  |  In Position: False
2026-07-01 12:10:45 | DEBUG   | Feature DataFrame ready: 51 rows.
2026-07-01 12:10:45 | DEBUG   | Price: $58,586.40  |  Confidence: 0.2627  |  In Position: False
2026-07-01 12:28:12 | INFO    | Database tables verified (account_balances, trade_history).
2026-07-01 12:28:12 | INFO    | ============================================================
2026-07-01 12:28:12 | INFO    |    LIVE TRADING BOT — BINANCE TESTNET
2026-07-01 12:28:12 | INFO    | ============================================================
2026-07-01 12:28:15 | INFO    | Loaded ML model from models/quant_rf_model.pkl
2026-07-01 12:28:15 | INFO    | Connected to Binance Testnet.
2026-07-01 12:28:19 | INFO    | Account balance — USDT: 25.18  |  BTC: 1.171230
2026-07-01 12:28:19 | DEBUG   | DB: Saved balance — USDT: 25.18  BTC: 1.171230
2026-07-01 12:28:19 | INFO    | Strategy: Confidence >= 65%  |  Trailing Stop: 1.5%  |  Hard SL: 1.0%
2026-07-01 12:28:19 | INFO    | Entering main loop...

2026-07-01 12:28:19 | DEBUG   | Fetching 250 x 1m candles for BTC/USDT...
2026-07-01 12:28:19 | DEBUG   | Feature DataFrame ready: 51 rows.
2026-07-01 12:28:19 | DEBUG   | Price: $58,568.52  |  Confidence: 0.2620  |  In Position: False
2026-07-01 12:29:19 | DEBUG   | Fetching 250 x 1m candles for BTC/USDT...
2026-07-01 12:29:21 | DEBUG   | Feature DataFrame ready: 51 rows.
2026-07-01 12:29:21 | DEBUG   | Price: $58,582.52  |  Confidence: 0.2607  |  In Position: False
2026-07-01 12:30:21 | DEBUG   | Fetching 250 x 1m candles for BTC/USDT...
2026-07-01 12:30:21 | DEBUG   | Feature DataFrame ready: 51 rows.
2026-07-01 12:30:21 | DEBUG   | Price: $58,532.72  |  Confidence: 0.2591  |  In Position: False
2026-07-01 12:31:21 | DEBUG   | Fetching 250 x 1m candles for BTC/USDT...
2026-07-01 12:31:22 | DEBUG   | Feature DataFrame ready: 51 rows.
2026-07-01 12:31:22 | DEBUG   | Price: $58,490.35  |  Confidence: 0.2375  |  In Position: False
2026-07-01 12:32:22 | DEBUG   | Fetching 250 x 1m candles for BTC/USDT...
2026-07-01 12:32:23 | DEBUG   | Feature DataFrame ready: 51 rows.
2026-07-01 12:32:23 | DEBUG   | Price: $58,526.01  |  Confidence: 0.2139  |  In Position: False
2026-07-01 12:33:23 | DEBUG   | Fetching 250 x 1m candles for BTC/USDT...
2026-07-01 12:33:23 | DEBUG   | Feature DataFrame ready: 51 rows.
2026-07-01 12:33:23 | DEBUG   | Price: $58,518.67  |  Confidence: 0.2141  |  In Position: False
2026-07-01 12:34:23 | DEBUG   | Fetching 250 x 1m candles for BTC/USDT...
2026-07-01 12:34:24 | DEBUG   | Feature DataFrame ready: 51 rows.
2026-07-01 12:34:24 | DEBUG   | Price: $58,572.00  |  Confidence: 0.2244  |  In Position: False
2026-07-01 12:44:59 | INFO    | Database tables verified (account_balances, trade_history).
2026-07-01 12:44:59 | INFO    | ============================================================
2026-07-01 12:44:59 | INFO    |    LIVE TRADING BOT — BINANCE TESTNET
2026-07-01 12:44:59 | INFO    | ============================================================
2026-07-01 12:45:01 | INFO    | Loaded ML model from models/quant_rf_model.pkl
2026-07-01 12:45:01 | INFO    | Connected to Binance Testnet.
2026-07-01 12:45:05 | INFO    | Account balance — USDT: 25.18  |  BTC: 1.171230
2026-07-01 12:45:05 | DEBUG   | DB: Saved balance — USDT: 25.18  BTC: 1.171230
2026-07-01 12:45:05 | INFO    | Strategy: Confidence >= 65% OR Liquidity Sweep  |  Trailing Stop: 1.5%  |  Hard SL: 1.0%
2026-07-01 12:45:05 | INFO    | Entering main loop...

2026-07-01 12:45:05 | DEBUG   | Fetching 250 x 5m candles for BTC/USDT...
2026-07-01 12:45:05 | DEBUG   | Feature DataFrame ready: 51 rows.
2026-07-01 12:45:06 | DEBUG   | Price: $58,390.80  |  Confidence: 0.2553  |  LiqBuy: False  LiqSell: False  |  In Position: False
2026-07-01 12:50:06 | DEBUG   | Fetching 250 x 5m candles for BTC/USDT...
2026-07-01 12:50:06 | DEBUG   | Feature DataFrame ready: 51 rows.
2026-07-01 12:50:06 | DEBUG   | Price: $58,334.54  |  Confidence: 0.2553  |  LiqBuy: False  LiqSell: False  |  In Position: False
2026-07-01 12:55:06 | DEBUG   | Fetching 250 x 5m candles for BTC/USDT...
2026-07-01 12:55:08 | DEBUG   | Feature DataFrame ready: 51 rows.
2026-07-01 12:55:08 | DEBUG   | Price: $58,430.01  |  Confidence: 0.2403  |  LiqBuy: False  LiqSell: False  |  In Position: False
2026-07-01 13:00:08 | DEBUG   | Fetching 250 x 5m candles for BTC/USDT...
2026-07-01 13:00:09 | DEBUG   | Feature DataFrame ready: 51 rows.
2026-07-01 13:00:09 | DEBUG   | Price: $58,538.01  |  Confidence: 0.2454  |  LiqBuy: False  LiqSell: False  |  In Position: False
2026-07-01 13:05:09 | DEBUG   | Fetching 250 x 5m candles for BTC/USDT...
2026-07-01 13:05:09 | DEBUG   | Feature DataFrame ready: 51 rows.
2026-07-01 13:05:09 | DEBUG   | Price: $58,630.00  |  Confidence: 0.2588  |  LiqBuy: False  LiqSell: False  |  In Position: False
2026-07-01 13:10:09 | DEBUG   | Fetching 250 x 5m candles for BTC/USDT...
2026-07-01 13:10:10 | DEBUG   | Feature DataFrame ready: 51 rows.
2026-07-01 13:10:10 | DEBUG   | Price: $58,632.01  |  Confidence: 0.2588  |  LiqBuy: False  LiqSell: False  |  In Position: False
2026-07-01 13:15:10 | DEBUG   | Fetching 250 x 5m candles for BTC/USDT...
2026-07-01 13:15:12 | DEBUG   | Feature DataFrame ready: 51 rows.
2026-07-01 13:15:12 | DEBUG   | Price: $58,678.00  |  Confidence: 0.2640  |  LiqBuy: False  LiqSell: False  |  In Position: False
2026-07-01 13:20:12 | DEBUG   | Fetching 250 x 5m candles for BTC/USDT...
2026-07-01 13:20:13 | DEBUG   | Feature DataFrame ready: 51 rows.
2026-07-01 13:20:13 | DEBUG   | Price: $58,669.52  |  Confidence: 0.2725  |  LiqBuy: False  LiqSell: False  |  In Position: False
